<html>
<body>
<pre>
<h1>礦ision Build Log</h1>
<h2>Tool Versions:</h2>
IDE-Version: μVision V5.29.0.0
Copyright (C) 2019 ARM Ltd and ARM Germany GmbH. All rights reserved.
License Information: cheng jian, tenas, LIC=EXJT4-FWPXM-PCHJ8-32UKD-8MH3N-249A9
 
Tool Versions:
Toolchain:       MDK-ARM Plus  Version: 5.29.0.0
Toolchain Path:  D:\MCUdesigntools\Keil_v5\ARM\ARMCC\Bin
C Compiler:      Armcc.exe V5.06 update 6 (build 750)
Assembler:       Armasm.exe V5.06 update 6 (build 750)
Linker/Locator:  ArmLink.exe V5.06 update 6 (build 750)
Library Manager: ArmAr.exe V5.06 update 6 (build 750)
Hex Converter:   FromElf.exe V5.06 update 6 (build 750)
CPU DLL:         SARMCM3.DLL V5.29.0.0
Dialog DLL:      DCM.DLL V1.17.3.0
Target DLL:      Segger\JL2CM3.dll V2.99.36.0
Dialog DLL:      TCM.DLL V1.36.5.0
 
<h2>Project:</h2>
\\192.168.2.114\特纳斯共享盘\1-定制设计\已完成设计\T2562203M智能婴儿床-不加水印\T2562203M-SW\3-实物程序\Project_C8\MDK-ARM\Project_C8.uvprojx
Project File Date:  03/21/2023

<h2>Output:</h2>
*** Using Compiler 'V5.06 update 6 (build 750)', folder: 'D:\MCUdesigntools\Keil_v5\ARM\ARMCC\Bin'
Build target 'Project_C8'
assembling startup_stm32f103xb.s...
compiling stm32f1xx_hal_gpio_ex.c...
compiling stm32f1xx_hal.c...
compiling stm32f1xx_it.c...
compiling tim.c...
compiling adc.c...
compiling gpio.c...
compiling stm32f1xx_hal_adc_ex.c...
compiling stm32f1xx_hal_rcc_ex.c...
compiling stm32f1xx_hal_gpio.c...
compiling stm32f1xx_hal_cortex.c...
compiling usart.c...
compiling stm32f1xx_hal_dma.c...
compiling stm32f1xx_hal_adc.c...
compiling stm32f1xx_hal_msp.c...
compiling main.c...
compiling stm32f1xx_hal_rcc.c...
compiling stm32f1xx_hal_flash.c...
compiling stm32f1xx_hal_pwr.c...
compiling key.c...
compiling delay.c...
compiling ds18b20.c...
compiling AliESP8266.c...
compiling OLED_NEW.C...
compiling stm32f1xx_hal_tim_ex.c...
compiling stm32f1xx_hal_uart.c...
compiling stm32f1xx_hal_flash_ex.c...
compiling system_stm32f1xx.c...
compiling stm32f1xx_hal_exti.c...
compiling stm32f1xx_hal_tim.c...
linking...
Program Size: Code=15604 RO-data=6168 RW-data=56 ZI-data=3872  
FromELF: creating hex file...
"Project_C8\Project_C8.axf" - 0 Error(s), 0 Warning(s).

<h2>Software Packages used:</h2>

Package Vendor: ARM
                http://www.keil.com/pack/ARM.CMSIS.5.6.0.pack
                ARM.CMSIS.5.6.0
                CMSIS (Cortex Microcontroller Software Interface Standard)
   * Component: CORE Version: 5.3.0

Package Vendor: Keil
                http://www.keil.com/pack/Keil.STM32F1xx_DFP.1.1.0.pack
                Keil.STM32F1xx_DFP.1.1.0
                STMicroelectronics STM32F1 Series Device Support, Drivers and Examples

<h2>Collection of Component include folders:</h2>
  .\RTE\_Project_C8
  D:\MCUdesigntools\Keil_v5\Packs\ARM\CMSIS\5.6.0\CMSIS\Core\Include
  D:\MCUdesigntools\Keil_v5\Packs\Keil\STM32F1xx_DFP\1.1.0\Device\Include

<h2>Collection of Component Files used:</h2>

   * Component: ARM::CMSIS:CORE:5.3.0
Build Time Elapsed:  00:00:22
</pre>
</body>
</html>
