Component: ARM Compiler 5.06 update 6 (build 750) Tool: armlink [4d35ed]

==============================================================================

Section Cross References

    startup_stm32f103xb.o(STACK) refers (Special) to heapauxi.o(.text) for __use_two_region_memory
    startup_stm32f103xb.o(HEAP) refers (Special) to heapauxi.o(.text) for __use_two_region_memory
    startup_stm32f103xb.o(RESET) refers (Special) to heapauxi.o(.text) for __use_two_region_memory
    startup_stm32f103xb.o(RESET) refers to startup_stm32f103xb.o(STACK) for __initial_sp
    startup_stm32f103xb.o(RESET) refers to startup_stm32f103xb.o(.text) for Reset_Handler
    startup_stm32f103xb.o(RESET) refers to stm32f1xx_it.o(i.NMI_Handler) for NMI_Handler
    startup_stm32f103xb.o(RESET) refers to stm32f1xx_it.o(i.HardFault_Handler) for HardFault_Handler
    startup_stm32f103xb.o(RESET) refers to stm32f1xx_it.o(i.MemManage_Handler) for MemManage_Handler
    startup_stm32f103xb.o(RESET) refers to stm32f1xx_it.o(i.BusFault_Handler) for BusFault_Handler
    startup_stm32f103xb.o(RESET) refers to stm32f1xx_it.o(i.UsageFault_Handler) for UsageFault_Handler
    startup_stm32f103xb.o(RESET) refers to stm32f1xx_it.o(i.SVC_Handler) for SVC_Handler
    startup_stm32f103xb.o(RESET) refers to stm32f1xx_it.o(i.DebugMon_Handler) for DebugMon_Handler
    startup_stm32f103xb.o(RESET) refers to stm32f1xx_it.o(i.PendSV_Handler) for PendSV_Handler
    startup_stm32f103xb.o(RESET) refers to stm32f1xx_it.o(i.SysTick_Handler) for SysTick_Handler
    startup_stm32f103xb.o(RESET) refers to stm32f1xx_it.o(i.TIM1_UP_IRQHandler) for TIM1_UP_IRQHandler
    startup_stm32f103xb.o(RESET) refers to stm32f1xx_it.o(i.USART2_IRQHandler) for USART2_IRQHandler
    startup_stm32f103xb.o(.text) refers (Special) to heapauxi.o(.text) for __use_two_region_memory
    startup_stm32f103xb.o(.text) refers to system_stm32f1xx.o(i.SystemInit) for SystemInit
    startup_stm32f103xb.o(.text) refers to __main.o(!!!main) for __main
    startup_stm32f103xb.o(.text) refers to startup_stm32f103xb.o(HEAP) for Heap_Mem
    startup_stm32f103xb.o(.text) refers to startup_stm32f103xb.o(STACK) for Stack_Mem
    main.o(i.Display_function) refers to oled_new.o(i.Oled_ShowCHinese) for Oled_ShowCHinese
    main.o(i.Display_function) refers to oled_new.o(i.Oled_ShowString) for Oled_ShowString
    main.o(i.Display_function) refers to oled_new.o(i.OLED_Show_Temp) for OLED_Show_Temp
    main.o(i.Display_function) refers to oled_new.o(i.OLED_ShowNum) for OLED_ShowNum
    main.o(i.Display_function) refers to stm32f1xx_hal_gpio.o(i.HAL_GPIO_ReadPin) for HAL_GPIO_ReadPin
    main.o(i.Display_function) refers to main.o(.data) for .data
    main.o(i.HAL_TIM_PeriodElapsedCallback) refers to tim.o(.bss) for htim1
    main.o(i.HAL_TIM_PeriodElapsedCallback) refers to main.o(.data) for .data
    main.o(i.HAL_TIM_PeriodElapsedCallback) refers to main.o(.constdata) for .constdata
    main.o(i.HAL_UART_RxCpltCallback) refers to stm32f1xx_hal_uart.o(i.HAL_UART_Receive_IT) for HAL_UART_Receive_IT
    main.o(i.HAL_UART_RxCpltCallback) refers to usart.o(.bss) for huart2
    main.o(i.HAL_UART_RxCpltCallback) refers to aliesp8266.o(.data) for uartwifi_value
    main.o(i.HAL_UART_RxCpltCallback) refers to aliesp8266.o(.bss) for ESP8266_buf
    main.o(i.Key_function) refers to key.o(i.Chiclet_Keyboard_Scan) for Chiclet_Keyboard_Scan
    main.o(i.Key_function) refers to main.o(.data) for .data
    main.o(i.Monitor_function) refers to ds18b20.o(i.Ds18b20_Read_Temp) for Ds18b20_Read_Temp
    main.o(i.Monitor_function) refers to stm32f1xx_hal_adc.o(i.HAL_ADC_Start) for HAL_ADC_Start
    main.o(i.Monitor_function) refers to stm32f1xx_hal_adc.o(i.HAL_ADC_PollForConversion) for HAL_ADC_PollForConversion
    main.o(i.Monitor_function) refers to stm32f1xx_hal_adc.o(i.HAL_ADC_GetValue) for HAL_ADC_GetValue
    main.o(i.Monitor_function) refers to stm32f1xx_hal_adc.o(i.HAL_ADC_Stop) for HAL_ADC_Stop
    main.o(i.Monitor_function) refers to dflt_clz.o(x$fpl$dfltu) for __aeabi_ui2d
    main.o(i.Monitor_function) refers to ddiv.o(x$fpl$ddiv) for __aeabi_ddiv
    main.o(i.Monitor_function) refers to dmul.o(x$fpl$dmul) for __aeabi_dmul
    main.o(i.Monitor_function) refers to dfixu.o(x$fpl$dfixu) for __aeabi_d2uiz
    main.o(i.Monitor_function) refers to aliesp8266.o(i.Ali_MQTT_Publish_1) for Ali_MQTT_Publish_1
    main.o(i.Monitor_function) refers to aliesp8266.o(i.Ali_MQTT_Publish_2) for Ali_MQTT_Publish_2
    main.o(i.Monitor_function) refers to stm32f1xx_hal_gpio.o(i.HAL_GPIO_ReadPin) for HAL_GPIO_ReadPin
    main.o(i.Monitor_function) refers to stm32f1xx_hal_gpio.o(i.HAL_GPIO_WritePin) for HAL_GPIO_WritePin
    main.o(i.Monitor_function) refers to main.o(.data) for .data
    main.o(i.Monitor_function) refers to adc.o(.bss) for hadc1
    main.o(i.SystemClock_Config) refers to rt_memclr_w.o(.text) for __aeabi_memclr4
[...]
    .ARM.Collect$$rtentry$$0000000A          0x08000190   Section        4  __rtentry2.o(.ARM.Collect$$rtentry$$0000000A)
    .ARM.Collect$$rtentry$$0000000C          0x08000194   Section        0  __rtentry2.o(.ARM.Collect$$rtentry$$0000000C)
    .ARM.Collect$$rtentry$$0000000D          0x08000194   Section        8  __rtentry2.o(.ARM.Collect$$rtentry$$0000000D)
    .ARM.Collect$$rtexit$$00000000           0x0800019c   Section        2  rtexit.o(.ARM.Collect$$rtexit$$00000000)
    .ARM.Collect$$rtexit$$00000002           0x0800019e   Section        0  rtexit2.o(.ARM.Collect$$rtexit$$00000002)
    .ARM.Collect$$rtexit$$00000003           0x0800019e   Section        4  rtexit2.o(.ARM.Collect$$rtexit$$00000003)
    .ARM.Collect$$rtexit$$00000004           0x080001a2   Section        6  rtexit2.o(.ARM.Collect$$rtexit$$00000004)
    .text                                    0x080001a8   Section       64  startup_stm32f103xb.o(.text)
    .text                                    0x080001e8   Section        0  __2sprintf.o(.text)
    .text                                    0x08000214   Section        0  __printf.o(.text)
    .text                                    0x0800027c   Section        0  _printf_str.o(.text)
    .text                                    0x080002d0   Section        0  _printf_dec.o(.text)
    .text                                    0x08000348   Section        0  atoi.o(.text)
    .text                                    0x08000362   Section        0  strstr.o(.text)
    .text                                    0x08000386   Section        0  strlen.o(.text)
    .text                                    0x080003c4   Section        0  strcat.o(.text)
    .text                                    0x080003dc   Section       68  rt_memclr.o(.text)
    .text                                    0x08000420   Section       78  rt_memclr_w.o(.text)
    .text                                    0x0800046e   Section        0  heapauxi.o(.text)
    .text                                    0x08000474   Section        8  rt_errno_addr_intlibspace.o(.text)
    .text                                    0x0800047c   Section        0  _printf_intcommon.o(.text)
    .text                                    0x08000530   Section        0  _printf_char_common.o(.text)
    _printf_input_char                       0x08000531   Thumb Code    10  _printf_char_common.o(.text)
    .text                                    0x08000560   Section        0  _sputc.o(.text)
    .text                                    0x0800056a   Section        0  _printf_char.o(.text)
    .text                                    0x08000596   Section        0  strtol.o(.text)
    .text                                    0x08000608   Section        8  libspace.o(.text)
    .text                                    0x08000610   Section       16  rt_ctype_table.o(.text)
    .text                                    0x08000620   Section        0  _strtoul.o(.text)
    .text                                    0x080006be   Section       74  sys_stackheap_outer.o(.text)
    .text                                    0x08000708   Section        8  rt_locale_intlibspace.o(.text)
    .text                                    0x08000710   Section        0  _chval.o(.text)
    .text                                    0x0800072c   Section        0  exit.o(.text)
    .text                                    0x08000740   Section      128  strcmpv7m.o(.text)
    .text                                    0x080007c0   Section        0  sys_exit.o(.text)
    .text                                    0x080007cc   Section        2  use_no_semi.o(.text)
    .text                                    0x080007ce   Section        0  indicate_semi.o(.text)
    i.ADC_ConversionStop_Disable             0x080007d0   Section        0  stm32f1xx_hal_adc.o(i.ADC_ConversionStop_Disable)
    i.ADC_Enable                             0x08000828   Section        0  stm32f1xx_hal_adc.o(i.ADC_Enable)
    i.Ali_MQTT_Publish_1                     0x080008a4   Section        0  aliesp8266.o(i.Ali_MQTT_Publish_1)
    i.Ali_MQTT_Publish_2                     0x080009f4   Section        0  aliesp8266.o(i.Ali_MQTT_Publish_2)
    i.Ali_MQTT_Recevie                       0x08000b78   Section        0  aliesp8266.o(i.Ali_MQTT_Recevie)
    i.BusFault_Handler                       0x08000c40   Section        0  stm32f1xx_it.o(i.BusFault_Handler)
    i.Chiclet_Keyboard_Scan                  0x08000c44   Section        0  key.o(i.Chiclet_Keyboard_Scan)
    i.DQ_IN                                  0x08000ce0   Section        0  ds18b20.o(i.DQ_IN)
    i.DQ_OUT                                 0x08000d00   Section        0  ds18b20.o(i.DQ_OUT)
    i.DebugMon_Handler                       0x08000d20   Section        0  stm32f1xx_it.o(i.DebugMon_Handler)
    i.Display_function                       0x08000d24   Section        0  main.o(i.Display_function)
    i.Ds18b20_GPIO_Init                      0x08000e24   Section        0  ds18b20.o(i.Ds18b20_GPIO_Init)
    i.Ds18b20_Init                           0x08000e60   Section        0  ds18b20.o(i.Ds18b20_Init)
    i.Ds18b20_Read_Temp                      0x08000ebc   Section        0  ds18b20.o(i.Ds18b20_Read_Temp)
    i.ESP8266LinkAp                          0x08000f14   Section        0  aliesp8266.o(i.ESP8266LinkAp)
    i.ESP8266LinkloT                         0x08001060   Section        0  aliesp8266.o(i.ESP8266LinkloT)
    i.ESP8266_Clear                          0x08001244   Section        0  aliesp8266.o(i.ESP8266_Clear)
    i.ESP8266_SendCmd                        0x08001260   Section        0  aliesp8266.o(i.ESP8266_SendCmd)
    i.ESP8266_WaitRecive                     0x080012a4   Section        0  aliesp8266.o(i.ESP8266_WaitRecive)
    i.ESP8266_init                           0x080012c4   Section        0  aliesp8266.o(i.ESP8266_init)
    i.Error_Handler                          0x080012e4   Section        0  main.o(i.Error_Handler)
    i.HAL_ADC_ConfigChannel                  0x080012e8   Section        0  stm32f1xx_hal_adc.o(i.HAL_ADC_ConfigChannel)
    i.HAL_ADC_GetValue                       0x080013e4   Section        0  stm32f1xx_hal_adc.o(i.HAL_ADC_GetValue)
    i.HAL_ADC_Init                           0x080013ec   Section        0  stm32f1xx_hal_adc.o(i.HAL_ADC_Init)
    i.HAL_ADC_MspInit                        0x08001508   Section        0  adc.o(i.HAL_ADC_MspInit)
    i.HAL_ADC_PollForConversion              0x08001560   Section        0  stm32f1xx_hal_adc.o(i.HAL_ADC_PollForConversion)
    i.HAL_ADC_Start                          0x0800169c   Section        0  stm32f1xx_hal_adc.o(i.HAL_ADC_Start)
    i.HAL_ADC_Stop                           0x0800175c   Section        0  stm32f1xx_hal_adc.o(i.HAL_ADC_Stop)
    i.HAL_DMA_Abort                          0x08001790   Section        0  stm32f1xx_hal_dma.o(i.HAL_DMA_Abort)
    i.HAL_DMA_Abort_IT                       0x080017d8   Section        0  stm32f1xx_hal_dma.o(i.HAL_DMA_Abort_IT)
    i.HAL_Delay                              0x08001870   Section        0  stm32f1xx_hal.o(i.HAL_Delay)
    i.HAL_GPIO_Init                          0x08001894   Section        0  stm32f1xx_hal_gpio.o(i.HAL_GPIO_Init)
    i.HAL_GPIO_ReadPin                       0x08001a74   Section        0  stm32f1xx_hal_gpio.o(i.HAL_GPIO_ReadPin)
    i.HAL_GPIO_WritePin                      0x08001a7e   Section        0  stm32f1xx_hal_gpio.o(i.HAL_GPIO_WritePin)
    i.HAL_GetTick                            0x08001a88   Section        0  stm32f1xx_hal.o(i.HAL_GetTick)
    i.HAL_IncTick                            0x08001a94   Section        0  stm32f1xx_hal.o(i.HAL_IncTick)
    i.HAL_Init                               0x08001aa4   Section        0  stm32f1xx_hal.o(i.HAL_Init)
    i.HAL_InitTick                           0x08001ac8   Section        0  stm32f1xx_hal.o(i.HAL_InitTick)
    i.HAL_MspInit                            0x08001b08   Section        0  stm32f1xx_hal_msp.o(i.HAL_MspInit)
    i.HAL_NVIC_EnableIRQ                     0x08001b44   Section        0  stm32f1xx_hal_cortex.o(i.HAL_NVIC_EnableIRQ)
    i.HAL_NVIC_SetPriority                   0x08001b60   Section        0  stm32f1xx_hal_cortex.o(i.HAL_NVIC_SetPriority)
    i.HAL_NVIC_SetPriorityGrouping           0x08001ba0   Section        0  stm32f1xx_hal_cortex.o(i.HAL_NVIC_SetPriorityGrouping)
    i.HAL_RCCEx_GetPeriphCLKFreq             0x08001bc4   Section        0  stm32f1xx_hal_rcc_ex.o(i.HAL_RCCEx_GetPeriphCLKFreq)
    i.HAL_RCCEx_PeriphCLKConfig              0x08001c8c   Section        0  stm32f1xx_hal_rcc_ex.o(i.HAL_RCCEx_PeriphCLKConfig)
    i.HAL_RCC_ClockConfig                    0x08001d78   Section        0  stm32f1xx_hal_rcc.o(i.HAL_RCC_ClockConfig)
    i.HAL_RCC_GetPCLK1Freq                   0x08001ea4   Section        0  stm32f1xx_hal_rcc.o(i.HAL_RCC_GetPCLK1Freq)
    i.HAL_RCC_GetPCLK2Freq                   0x08001ec4   Section        0  stm32f1xx_hal_rcc.o(i.HAL_RCC_GetPCLK2Freq)
    i.HAL_RCC_GetSysClockFreq                0x08001ee4   Section        0  stm32f1xx_hal_rcc.o(i.HAL_RCC_GetSysClockFreq)
    i.HAL_RCC_OscConfig                      0x08001f50   Section        0  stm32f1xx_hal_rcc.o(i.HAL_RCC_OscConfig)
    i.HAL_SYSTICK_Config                     0x08002270   Section        0  stm32f1xx_hal_cortex.o(i.HAL_SYSTICK_Config)
    i.HAL_TIMEx_BreakCallback                0x08002298   Section        0  stm32f1xx_hal_tim_ex.o(i.HAL_TIMEx_BreakCallback)
    i.HAL_TIMEx_CommutCallback               0x0800229a   Section        0  stm32f1xx_hal_tim_ex.o(i.HAL_TIMEx_CommutCallback)
    i.HAL_TIMEx_MasterConfigSynchronization  0x0800229c   Section        0  stm32f1xx_hal_tim_ex.o(i.HAL_TIMEx_MasterConfigSynchronization)
    i.HAL_TIM_Base_Init                      0x08002304   Section        0  stm32f1xx_hal_tim.o(i.HAL_TIM_Base_Init)
    i.HAL_TIM_Base_MspInit                   0x08002360   Section        0  tim.o(i.HAL_TIM_Base_MspInit)
    i.HAL_TIM_Base_Start_IT                  0x0800239c   Section        0  stm32f1xx_hal_tim.o(i.HAL_TIM_Base_Start_IT)
    i.HAL_TIM_ConfigClockSource              0x080023f4   Section        0  stm32f1xx_hal_tim.o(i.HAL_TIM_ConfigClockSource)
    i.HAL_TIM_IC_CaptureCallback             0x080024ca   Section        0  stm32f1xx_hal_tim.o(i.HAL_TIM_IC_CaptureCallback)
    i.HAL_TIM_IRQHandler                     0x080024cc   Section        0  stm32f1xx_hal_tim.o(i.HAL_TIM_IRQHandler)
    i.HAL_TIM_OC_DelayElapsedCallback        0x08002632   Section        0  stm32f1xx_hal_tim.o(i.HAL_TIM_OC_DelayElapsedCallback)
    i.HAL_TIM_PWM_PulseFinishedCallback      0x08002634   Section        0  stm32f1xx_hal_tim.o(i.HAL_TIM_PWM_PulseFinishedCallback)
    i.HAL_TIM_PeriodElapsedCallback          0x08002638   Section        0  main.o(i.HAL_TIM_PeriodElapsedCallback)
    i.HAL_TIM_TriggerCallback                0x080026f4   Section        0  stm32f1xx_hal_tim.o(i.HAL_TIM_TriggerCallback)
    i.HAL_UARTEx_RxEventCallback             0x080026f6   Section        0  stm32f1xx_hal_uart.o(i.HAL_UARTEx_RxEventCallback)
    i.HAL_UART_ErrorCallback                 0x080026f8   Section        0  stm32f1xx_hal_uart.o(i.HAL_UART_ErrorCallback)
    i.HAL_UART_IRQHandler                    0x080026fc   Section        0  stm32f1xx_hal_uart.o(i.HAL_UART_IRQHandler)
    i.HAL_UART_Init                          0x08002908   Section        0  stm32f1xx_hal_uart.o(i.HAL_UART_Init)
    i.HAL_UART_MspInit                       0x0800296c   Section        0  usart.o(i.HAL_UART_MspInit)
    i.HAL_UART_Receive_IT                    0x080029ec   Section        0  stm32f1xx_hal_uart.o(i.HAL_UART_Receive_IT)
    i.HAL_UART_RxCpltCallback                0x08002a18   Section        0  main.o(i.HAL_UART_RxCpltCallback)
    i.HAL_UART_Transmit                      0x08002a5c   Section        0  stm32f1xx_hal_uart.o(i.HAL_UART_Transmit)
    i.HAL_UART_TxCpltCallback                0x08002b0e   Section        0  stm32f1xx_hal_uart.o(i.HAL_UART_TxCpltCallback)
    i.HardFault_Handler                      0x08002b10   Section        0  stm32f1xx_it.o(i.HardFault_Handler)
    i.Key_function                           0x08002b14   Section        0  main.o(i.Key_function)
    i.MX_ADC1_Init                           0x08002b60   Section        0  adc.o(i.MX_ADC1_Init)
    i.MX_GPIO_Init                           0x08002bb0   Section        0  gpio.o(i.MX_GPIO_Init)
    i.MX_TIM1_Init                           0x08002c64   Section        0  tim.o(i.MX_TIM1_Init)
    i.MX_USART2_UART_Init                    0x08002ccc   Section        0  usart.o(i.MX_USART2_UART_Init)
    i.MemManage_Handler                      0x08002d04   Section        0  stm32f1xx_it.o(i.MemManage_Handler)
    i.Monitor_function                       0x08002d08   Section        0  main.o(i.Monitor_function)
    i.NMI_Handler                            0x08002e60   Section        0  stm32f1xx_it.o(i.NMI_Handler)
    i.OLED_Clear                             0x08002e62   Section        0  oled_new.o(i.OLED_Clear)
    i.OLED_GPIO_Init                         0x08002e98   Section        0  oled_new.o(i.OLED_GPIO_Init)
    i.OLED_IIC_Start                         0x08002ef8   Section        0  oled_new.o(i.OLED_IIC_Start)
    i.OLED_IIC_Stop                          0x08002f44   Section        0  oled_new.o(i.OLED_IIC_Stop)
    i.OLED_Init                              0x08002f80   Section        0  oled_new.o(i.OLED_Init)
    i.OLED_Set_Pos                           0x0800303a   Section        0  oled_new.o(i.OLED_Set_Pos)
    i.OLED_ShowNum                           0x08003060   Section        0  oled_new.o(i.OLED_ShowNum)
    i.OLED_Show_Temp                         0x080030c0   Section        0  oled_new.o(i.OLED_Show_Temp)
    i.OLED_Write_IIC_Byte                    0x08003140   Section        0  oled_new.o(i.OLED_Write_IIC_Byte)
    i.OLED_write_iic_com                     0x080031d8   Section        0  oled_new.o(i.OLED_write_iic_com)
    i.OLED_write_iic_dat                     0x080031fa   Section        0  oled_new.o(i.OLED_write_iic_dat)
    i.Oled_ShowCHinese                       0x0800321c   Section        0  oled_new.o(i.Oled_ShowCHinese)
    i.Oled_ShowChar                          0x080032a0   Section        0  oled_new.o(i.Oled_ShowChar)
    i.Oled_ShowString                        0x080032ec   Section        0  oled_new.o(i.Oled_ShowString)
    i.PendSV_Handler                         0x0800331c   Section        0  stm32f1xx_it.o(i.PendSV_Handler)
    i.SVC_Handler                            0x0800331e   Section        0  stm32f1xx_it.o(i.SVC_Handler)
    i.SysTick_Handler                        0x08003320   Section        0  stm32f1xx_it.o(i.SysTick_Handler)
    i.SystemClock_Config                     0x08003324   Section        0  main.o(i.SystemClock_Config)
    i.SystemInit                             0x0800339c   Section        0  system_stm32f1xx.o(i.SystemInit)
    i.TIM1_UP_IRQHandler                     0x080033a0   Section        0  stm32f1xx_it.o(i.TIM1_UP_IRQHandler)
    i.TIM_Base_SetConfig                     0x080033ac   Section        0  stm32f1xx_hal_tim.o(i.TIM_Base_SetConfig)
    i.TIM_ETR_SetConfig                      0x08003418   Section        0  stm32f1xx_hal_tim.o(i.TIM_ETR_SetConfig)
    i.TIM_ITRx_SetConfig                     0x0800342c   Section        0  stm32f1xx_hal_tim.o(i.TIM_ITRx_SetConfig)
    TIM_ITRx_SetConfig                       0x0800342d   Thumb Code    16  stm32f1xx_hal_tim.o(i.TIM_ITRx_SetConfig)
    i.TIM_TI1_ConfigInputStage               0x0800343c   Section        0  stm32f1xx_hal_tim.o(i.TIM_TI1_ConfigInputStage)
    TIM_TI1_ConfigInputStage                 0x0800343d   Thumb Code    34  stm32f1xx_hal_tim.o(i.TIM_TI1_ConfigInputStage)
    i.TIM_TI2_ConfigInputStage               0x0800345e   Section        0  stm32f1xx_hal_tim.o(i.TIM_TI2_ConfigInputStage)
    TIM_TI2_ConfigInputStage                 0x0800345f   Thumb Code    36  stm32f1xx_hal_tim.o(i.TIM_TI2_ConfigInputStage)
    i.UART_DMAAbortOnError                   0x08003482   Section        0  stm32f1xx_hal_uart.o(i.UART_DMAAbortOnError)
    UART_DMAAbortOnError                     0x08003483   Thumb Code    16  stm32f1xx_hal_uart.o(i.UART_DMAAbortOnError)
    i.UART_EndRxTransfer                     0x08003492   Section        0  stm32f1xx_hal_uart.o(i.UART_EndRxTransfer)
    UART_EndRxTransfer                       0x08003493   Thumb Code    48  stm32f1xx_hal_uart.o(i.UART_EndRxTransfer)
    i.UART_Receive_IT                        0x080034c2   Section        0  stm32f1xx_hal_uart.o(i.UART_Receive_IT)
    UART_Receive_IT                          0x080034c3   Thumb Code   182  stm32f1xx_hal_uart.o(i.UART_Receive_IT)
    i.UART_SetConfig                         0x08003578   Section        0  stm32f1xx_hal_uart.o(i.UART_SetConfig)
    UART_SetConfig                           0x08003579   Thumb Code   178  stm32f1xx_hal_uart.o(i.UART_SetConfig)
    i.UART_Start_Receive_IT                  0x08003630   Section        0  stm32f1xx_hal_uart.o(i.UART_Start_Receive_IT)
    i.UART_WaitOnFlagUntilTimeout            0x08003666   Section        0  stm32f1xx_hal_uart.o(i.UART_WaitOnFlagUntilTimeout)
    UART_WaitOnFlagUntilTimeout              0x08003667   Thumb Code   100  stm32f1xx_hal_uart.o(i.UART_WaitOnFlagUntilTimeout)
    i.USART2_IRQHandler                      0x080036cc   Section        0  stm32f1xx_it.o(i.USART2_IRQHandler)
    i.UsageFault_Handler                     0x080036d8   Section        0  stm32f1xx_it.o(i.UsageFault_Handler)
    i.Usart_SendString                       0x080036dc   Section        0  aliesp8266.o(i.Usart_SendString)
    i.__NVIC_SetPriority                     0x0800370c   Section        0  stm32f1xx_hal_cortex.o(i.__NVIC_SetPriority)
    __NVIC_SetPriority                       0x0800370d   Thumb Code    32  stm32f1xx_hal_cortex.o(i.__NVIC_SetPriority)
    i.delay_us                               0x0800372c   Section        0  delay.o(i.delay_us)
    i.main                                   0x08003770   Section        0  main.o(i.main)
    i.oled_pow                               0x080037c8   Section        0  oled_new.o(i.oled_pow)
    i.read_18b20                             0x080037d8   Section        0  ds18b20.o(i.read_18b20)
    i.write_18b20                            0x08003830   Section        0  ds18b20.o(i.write_18b20)
    locale$$code                             0x08003888   Section       44  lc_ctype_c.o(locale$$code)
    x$fpl$ddiv                               0x080038b4   Section      688  ddiv.o(x$fpl$ddiv)
    ddiv_entry                               0x080038bb   Thumb Code     0  ddiv.o(x$fpl$ddiv)
    x$fpl$dfixu                              0x08003b64   Section       90  dfixu.o(x$fpl$dfixu)
    x$fpl$dfltu                              0x08003bbe   Section       38  dflt_clz.o(x$fpl$dfltu)
    x$fpl$dmul                               0x08003be4   Section      340  dmul.o(x$fpl$dmul)
    x$fpl$dnaninf                            0x08003d38   Section      156  dnaninf.o(x$fpl$dnaninf)
    x$fpl$dretinf                            0x08003dd4   Section       12  dretinf.o(x$fpl$dretinf)
    .constdata                               0x08003de0   Section        8  main.o(.constdata)
    x$fpl$usenofp                            0x08003de0   Section        0  usenofp.o(x$fpl$usenofp)
    .constdata                               0x08003de8   Section       16  system_stm32f1xx.o(.constdata)
    .constdata                               0x08003df8   Section        8  system_stm32f1xx.o(.constdata)
    .constdata                               0x08003e00   Section     5510  oled_new.o(.constdata)
    .conststring                             0x08005388   Section       81  aliesp8266.o(.conststring)
    locale$$data                             0x080053fc   Section      272  lc_ctype_c.o(locale$$data)
    __lcctype_c_name                         0x08005400   Data           2  lc_ctype_c.o(locale$$data)
    __lcctype_c_start                        0x08005408   Data           0  lc_ctype_c.o(locale$$data)
    __lcctype_c_end                          0x0800550c   Data           0  lc_ctype_c.o(locale$$data)
    .data                                    0x20000000   Section       32  main.o(.data)
    .data                                    0x20000020   Section       12  stm32f1xx_hal.o(.data)
    .data                                    0x2000002c   Section        4  system_stm32f1xx.o(.data)
    .data                                    0x20000030   Section        1  key.o(.data)
    .data                                    0x20000032   Section        6  aliesp8266.o(.data)
    .bss                                     0x20000038   Section       48  adc.o(.bss)
    .bss                                     0x20000068   Section       72  tim.o(.bss)
    .bss                                     0x200000b0   Section       68  usart.o(.bss)
    .bss                                     0x200000f4   Section     2048  aliesp8266.o(.bss)
    .bss                                     0x200008f4   Section       96  libspace.o(.bss)
    HEAP                                     0x20000958   Section      512  startup_stm32f103xb.o(HEAP)
    Heap_Mem                                 0x20000958   Data         512  startup_stm32f103xb.o(HEAP)
    STACK                                    0x20000b58   Section     1024  startup_stm32f103xb.o(STACK)
    Stack_Mem                                0x20000b58   Data        1024  startup_stm32f103xb.o(STACK)
    __initial_sp                             0x20000f58   Data           0  startup_stm32f103xb.o(STACK)

    Global Symbols

    Symbol Name                              Value     Ov Type        Size  Object(Section)

    BuildAttributes$$THM_ISAv4$P$D$K$B$S$PE$A:L22UL41UL21$X:L11$S22US41US21$IEEE1$IW$USESV6$~STKCKD$USESV7$~SHL$OSPACE$ROPI$EBA8$UX$STANDARDLIB$REQ8$PRES8$EABIv2 0x00000000   Number         0  anon$$obj.o ABSOLUTE
    __ARM_use_no_argv                        0x00000000   Number         0  main.o ABSOLUTE
    _printf_flags                            0x00000000   Number         0  printf_stubs.o ABSOLUTE
    _printf_return_value                     0x00000000   Number         0  printf_stubs.o ABSOLUTE
    _printf_sizespec                         0x00000000   Number         0  printf_stubs.o ABSOLUTE
    _printf_widthprec                        0x00000000   Number         0  printf_stubs.o ABSOLUTE
    __ARM_exceptions_init                     - Undefined Weak Reference
    __alloca_initialize                       - Undefined Weak Reference
    __arm_preinit_                            - Undefined Weak Reference
    __cpp_initialize__aeabi_                  - Undefined Weak Reference
    __cxa_finalize                            - Undefined Weak Reference
    __sigvec_lookup                           - Undefined Weak Reference
    _atexit_init                              - Undefined Weak Reference
    _call_atexit_fns                          - Undefined Weak Reference
    _clock_init                               - Undefined Weak Reference
    _fp_trap_init                             - Undefined Weak Reference
    _fp_trap_shutdown                         - Undefined Weak Reference
    _get_lc_collate                           - Undefined Weak Reference
    _get_lc_monetary                          - Undefined Weak Reference
    _get_lc_numeric                           - Undefined Weak Reference
    _get_lc_time                              - Undefined Weak Reference
    _getenv_init                              - Undefined Weak Reference
    _handle_redirection                       - Undefined Weak Reference
    _init_alloc                               - Undefined Weak Reference
    _init_user_alloc                          - Undefined Weak Reference
    _initio                                   - Undefined Weak Reference
    _printf_mbtowc                            - Undefined Weak Reference
    _printf_post_padding                      - Undefined Weak Reference
    _printf_pre_padding                       - Undefined Weak Reference
    _printf_truncate_signed                   - Undefined Weak Reference
    _printf_truncate_unsigned                 - Undefined Weak Reference
    _rand_init                                - Undefined Weak Reference
    _signal_finish                            - Undefined Weak Reference
    _signal_init                              - Undefined Weak Reference
    _terminate_alloc                          - Undefined Weak Reference
    _terminate_user_alloc                     - Undefined Weak Reference
    _terminateio                              - Undefined Weak Reference
    __Vectors_Size                           0x000000ec   Number         0  startup_stm32f103xb.o ABSOLUTE
    __Vectors                                0x08000000   Data           4  startup_stm32f103xb.o(RESET)
    __Vectors_End                            0x080000ec   Data           0  startup_stm32f103xb.o(RESET)
    __main                                   0x080000ed   Thumb Code     8  __main.o(!!!main)
    __scatterload                            0x080000f5   Thumb Code     0  __scatter.o(!!!scatter)
    __scatterload_rt2                        0x080000f5   Thumb Code    44  __scatter.o(!!!scatter)
    __scatterload_rt2_thumb_only             0x080000f5   Thumb Code     0  __scatter.o(!!!scatter)
    __scatterload_null                       0x08000103   Thumb Code     0  __scatter.o(!!!scatter)
    __scatterload_copy                       0x08000129   Thumb Code    26  __scatter_copy.o(!!handler_copy)
    __scatterload_zeroinit                   0x08000145   Thumb Code    28  __scatter_zi.o(!!handler_zi)
    _printf_d                                0x08000161   Thumb Code     0  _printf_d.o(.ARM.Collect$$_printf_percent$$00000009)
    _printf_percent                          0x08000161   Thumb Code     0  _printf_percent.o(.ARM.Collect$$_printf_percent$$00000000)
    _printf_s                                0x08000167   Thumb Code     0  _printf_s.o(.ARM.Collect$$_printf_percent$$00000014)
    _printf_percent_end                      0x0800016d   Thumb Code     0  _printf_percent_end.o(.ARM.Collect$$_printf_percent$$00000017)
    __rt_lib_init                            0x08000171   Thumb Code     0  libinit.o(.ARM.Collect$$libinit$$00000000)
    __rt_lib_init_fp_1                       0x08000173   Thumb Code     0  libinit2.o(.ARM.Collect$$libinit$$00000002)
    __rt_lib_init_heap_1                     0x08000173   Thumb Code     0  libinit2.o(.ARM.Collect$$libinit$$0000000A)
    __rt_lib_init_lc_common                  0x08000173   Thumb Code     0  libinit2.o(.ARM.Collect$$libinit$$0000000F)
    __rt_lib_init_preinit_1                  0x08000173   Thumb Code     0  libinit2.o(.ARM.Collect$$libinit$$00000004)
    __rt_lib_init_rand_1                     0x08000173   Thumb Code     0  libinit2.o(.ARM.Collect$$libinit$$0000000E)
    __rt_lib_init_user_alloc_1               0x08000173   Thumb Code     0  libinit2.o(.ARM.Collect$$libinit$$0000000C)
    __rt_lib_init_lc_collate_1               0x08000179   Thumb Code     0  libinit2.o(.ARM.Collect$$libinit$$00000011)
    __rt_lib_init_lc_ctype_2                 0x08000179   Thumb Code     0  libinit2.o(.ARM.Collect$$libinit$$00000012)
    __rt_lib_init_alloca_1                   0x08000185   Thumb Code     0  libinit2.o(.ARM.Collect$$libinit$$0000002E)
    __rt_lib_init_argv_1                     0x08000185   Thumb Code     0  libinit2.o(.ARM.Collect$$libinit$$0000002C)
    __rt_lib_init_atexit_1                   0x08000185   Thumb Code     0  libinit2.o(.ARM.Collect$$libinit$$0000001B)
    __rt_lib_init_clock_1                    0x08000185   Thumb Code     0  libinit2.o(.ARM.Collect$$libinit$$00000021)
    __rt_lib_init_cpp_1                      0x08000185   Thumb Code     0  libinit2.o(.ARM.Collect$$libinit$$00000032)
    __rt_lib_init_exceptions_1               0x08000185   Thumb Code     0  libinit2.o(.ARM.Collect$$libinit$$00000030)
    __rt_lib_init_fp_trap_1                  0x08000185   Thumb Code     0  libinit2.o(.ARM.Collect$$libinit$$0000001F)
    __rt_lib_init_getenv_1                   0x08000185   Thumb Code     0  libinit2.o(.ARM.Collect$$libinit$$00000023)
    __rt_lib_init_lc_ctype_1                 0x08000185   Thumb Code     0  libinit2.o(.ARM.Collect$$libinit$$00000013)
    __rt_lib_init_lc_monetary_1              0x08000185   Thumb Code     0  libinit2.o(.ARM.Collect$$libinit$$00000015)
    __rt_lib_init_lc_numeric_1               0x08000185   Thumb Code     0  libinit2.o(.ARM.Collect$$libinit$$00000017)
    __rt_lib_init_lc_time_1                  0x08000185   Thumb Code     0  libinit2.o(.ARM.Collect$$libinit$$00000019)
    __rt_lib_init_return                     0x08000185   Thumb Code     0  libinit2.o(.ARM.Collect$$libinit$$00000033)
    __rt_lib_init_signal_1                   0x08000185   Thumb Code     0  libinit2.o(.ARM.Collect$$libinit$$0000001D)
    __rt_lib_init_stdio_1                    0x08000185   Thumb Code     0  libinit2.o(.ARM.Collect$$libinit$$00000025)
    __rt_lib_shutdown                        0x08000187   Thumb Code     0  libshutdown.o(.ARM.Collect$$libshutdown$$00000000)
    __rt_lib_shutdown_cpp_1                  0x08000189   Thumb Code     0  libshutdown2.o(.ARM.Collect$$libshutdown$$00000002)
    __rt_lib_shutdown_fp_trap_1              0x08000189   Thumb Code     0  libshutdown2.o(.ARM.Collect$$libshutdown$$00000007)
    __rt_lib_shutdown_heap_1                 0x08000189   Thumb Code     0  libshutdown2.o(.ARM.Collect$$libshutdown$$0000000F)
    __rt_lib_shutdown_return                 0x08000189   Thumb Code     0  libshutdown2.o(.ARM.Collect$$libshutdown$$00000010)
    __rt_lib_shutdown_signal_1               0x08000189   Thumb Code     0  libshutdown2.o(.ARM.Collect$$libshutdown$$0000000A)
    __rt_lib_shutdown_stdio_1                0x08000189   Thumb Code     0  libshutdown2.o(.ARM.Collect$$libshutdown$$00000004)
    __rt_lib_shutdown_user_alloc_1           0x08000189   Thumb Code     0  libshutdown2.o(.ARM.Collect$$libshutdown$$0000000C)
    __rt_entry                               0x0800018b   Thumb Code     0  __rtentry.o(.ARM.Collect$$rtentry$$00000000)
    __rt_entry_presh_1                       0x0800018b   Thumb Code     0  __rtentry2.o(.ARM.Collect$$rtentry$$00000002)
    __rt_entry_sh                            0x0800018b   Thumb Code     0  __rtentry4.o(.ARM.Collect$$rtentry$$00000004)
    __rt_entry_li                            0x08000191   Thumb Code     0  __rtentry2.o(.ARM.Collect$$rtentry$$0000000A)
    __rt_entry_postsh_1                      0x08000191   Thumb Code     0  __rtentry2.o(.ARM.Collect$$rtentry$$00000009)
    __rt_entry_main                          0x08000195   Thumb Code     0  __rtentry2.o(.ARM.Collect$$rtentry$$0000000D)
    __rt_entry_postli_1                      0x08000195   Thumb Code     0  __rtentry2.o(.ARM.Collect$$rtentry$$0000000C)
    __rt_exit                                0x0800019d   Thumb Code     0  rtexit.o(.ARM.Collect$$rtexit$$00000000)
    __rt_exit_ls                             0x0800019f   Thumb Code     0  rtexit2.o(.ARM.Collect$$rtexit$$00000003)
    __rt_exit_prels_1                        0x0800019f   Thumb Code     0  rtexit2.o(.ARM.Collect$$rtexit$$00000002)
    __rt_exit_exit                           0x080001a3   Thumb Code     0  rtexit2.o(.ARM.Collect$$rtexit$$00000004)
    Reset_Handler                            0x080001a9   Thumb Code     8  startup_stm32f103xb.o(.text)
    ADC1_2_IRQHandler                        0x080001c3   Thumb Code     0  startup_stm32f103xb.o(.text)
    CAN1_RX1_IRQHandler                      0x080001c3   Thumb Code     0  startup_stm32f103xb.o(.text)
    CAN1_SCE_IRQHandler                      0x080001c3   Thumb Code     0  startup_stm32f103xb.o(.text)
    DMA1_Channel1_IRQHandler                 0x080001c3   Thumb Code     0  startup_stm32f103xb.o(.text)
    DMA1_Channel2_IRQHandler                 0x080001c3   Thumb Code     0  startup_stm32f103xb.o(.text)
    DMA1_Channel3_IRQHandler                 0x080001c3   Thumb Code     0  startup_stm32f103xb.o(.text)
    DMA1_Channel4_IRQHandler                 0x080001c3   Thumb Code     0  startup_stm32f103xb.o(.text)
    DMA1_Channel5_IRQHandler                 0x080001c3   Thumb Code     0  startup_stm32f103xb.o(.text)
    DMA1_Channel6_IRQHandler                 0x080001c3   Thumb Code     0  startup_stm32f103xb.o(.text)
    DMA1_Channel7_IRQHandler                 0x080001c3   Thumb Code     0  startup_stm32f103xb.o(.text)
    EXTI0_IRQHandler                         0x080001c3   Thumb Code     0  startup_stm32f103xb.o(.text)
    EXTI15_10_IRQHandler                     0x080001c3   Thumb Code     0  startup_stm32f103xb.o(.text)
    EXTI1_IRQHandler                         0x080001c3   Thumb Code     0  startup_stm32f103xb.o(.text)
    EXTI2_IRQHandler                         0x080001c3   Thumb Code     0  startup_stm32f103xb.o(.text)
    EXTI3_IRQHandler                         0x080001c3   Thumb Code     0  startup_stm32f103xb.o(.text)
    EXTI4_IRQHandler                         0x080001c3   Thumb Code     0  startup_stm32f103xb.o(.text)
    EXTI9_5_IRQHandler                       0x080001c3   Thumb Code     0  startup_stm32f103xb.o(.text)
    FLASH_IRQHandler                         0x080001c3   Thumb Code     0  startup_stm32f103xb.o(.text)
    I2C1_ER_IRQHandler                       0x080001c3   Thumb Code     0  startup_stm32f103xb.o(.text)
    I2C1_EV_IRQHandler                       0x080001c3   Thumb Code     0  startup_stm32f103xb.o(.text)
    I2C2_ER_IRQHandler                       0x080001c3   Thumb Code     0  startup_stm32f103xb.o(.text)
    I2C2_EV_IRQHandler                       0x080001c3   Thumb Code     0  startup_stm32f103xb.o(.text)
    PVD_IRQHandler                           0x080001c3   Thumb Code     0  startup_stm32f103xb.o(.text)
    RCC_IRQHandler                           0x080001c3   Thumb Code     0  startup_stm32f103xb.o(.text)
    RTC_Alarm_IRQHandler                     0x080001c3   Thumb Code     0  startup_stm32f103xb.o(.text)
    RTC_IRQHandler                           0x080001c3   Thumb Code     0  startup_stm32f103xb.o(.text)
    SPI1_IRQHandler                          0x080001c3   Thumb Code     0  startup_stm32f103xb.o(.text)
    SPI2_IRQHandler                          0x080001c3   Thumb Code     0  startup_stm32f103xb.o(.text)
    TAMPER_IRQHandler                        0x080001c3   Thumb Code     0  startup_stm32f103xb.o(.text)
    TIM1_BRK_IRQHandler                      0x080001c3   Thumb Code     0  startup_stm32f103xb.o(.text)
    TIM1_CC_IRQHandler                       0x080001c3   Thumb Code     0  startup_stm32f103xb.o(.text)
    TIM1_TRG_COM_IRQHandler                  0x080001c3   Thumb Code     0  startup_stm32f103xb.o(.text)
    TIM2_IRQHandler                          0x080001c3   Thumb Code     0  startup_stm32f103xb.o(.text)
    TIM3_IRQHandler                          0x080001c3   Thumb Code     0  startup_stm32f103xb.o(.text)
    TIM4_IRQHandler                          0x080001c3   Thumb Code     0  startup_stm32f103xb.o(.text)
    USART1_IRQHandler                        0x080001c3   Thumb Code     0  startup_stm32f103xb.o(.text)
    USART3_IRQHandler                        0x080001c3   Thumb Code     0  startup_stm32f103xb.o(.text)
    USBWakeUp_IRQHandler                     0x080001c3   Thumb Code     0  startup_stm32f103xb.o(.text)
    USB_HP_CAN1_TX_IRQHandler                0x080001c3   Thumb Code     0  startup_stm32f103xb.o(.text)
    USB_LP_CAN1_RX0_IRQHandler               0x080001c3   Thumb Code     0  startup_stm32f103xb.o(.text)
    WWDG_IRQHandler                          0x080001c3   Thumb Code     0  startup_stm32f103xb.o(.text)
    __user_initial_stackheap                 0x080001c5   Thumb Code     0  startup_stm32f103xb.o(.text)
    __2sprintf                               0x080001e9   Thumb Code    38  __2sprintf.o(.text)
    __printf                                 0x08000215   Thumb Code   104  __printf.o(.text)
    _printf_str                              0x0800027d   Thumb Code    82  _printf_str.o(.text)
    _printf_int_dec                          0x080002d1   Thumb Code   104  _printf_dec.o(.text)
    atoi                                     0x08000349   Thumb Code    26  atoi.o(.text)
    strstr                                   0x08000363   Thumb Code    36  strstr.o(.text)
    strlen                                   0x08000387   Thumb Code    62  strlen.o(.text)
    strcat                                   0x080003c5   Thumb Code    24  strcat.o(.text)
    __aeabi_memclr                           0x080003dd   Thumb Code     0  rt_memclr.o(.text)
    __rt_memclr                              0x080003dd   Thumb Code    68  rt_memclr.o(.text)
    _memset                                  0x080003e1   Thumb Code     0  rt_memclr.o(.text)
    __aeabi_memclr4                          0x08000421   Thumb Code     0  rt_memclr_w.o(.text)
    __aeabi_memclr8                          0x08000421   Thumb Code     0  rt_memclr_w.o(.text)
    __rt_memclr_w                            0x08000421   Thumb Code    78  rt_memclr_w.o(.text)
    _memset_w                                0x08000425   Thumb Code     0  rt_memclr_w.o(.text)
    __use_two_region_memory                  0x0800046f   Thumb Code     2  heapauxi.o(.text)
    __rt_heap_escrow$2region                 0x08000471   Thumb Code     2  heapauxi.o(.text)
    __rt_heap_expand$2region                 0x08000473   Thumb Code     2  heapauxi.o(.text)
    __aeabi_errno_addr                       0x08000475   Thumb Code     8  rt_errno_addr_intlibspace.o(.text)
    __errno$intlibspace                      0x08000475   Thumb Code     0  rt_errno_addr_intlibspace.o(.text)
    __rt_errno_addr$intlibspace              0x08000475   Thumb Code     0  rt_errno_addr_intlibspace.o(.text)
    _printf_int_common                       0x0800047d   Thumb Code   178  _printf_intcommon.o(.text)
    _printf_char_common                      0x0800053b   Thumb Code    32  _printf_char_common.o(.text)
    _sputc                                   0x08000561   Thumb Code    10  _sputc.o(.text)
    _printf_cs_common                        0x0800056b   Thumb Code    20  _printf_char.o(.text)
    _printf_char                             0x0800057f   Thumb Code    16  _printf_char.o(.text)
    _printf_string                           0x0800058f   Thumb Code     8  _printf_char.o(.text)
    strtol                                   0x08000597   Thumb Code   112  strtol.o(.text)
    __user_libspace                          0x08000609   Thumb Code     8  libspace.o(.text)
    __user_perproc_libspace                  0x08000609   Thumb Code     0  libspace.o(.text)
    __user_perthread_libspace                0x08000609   Thumb Code     0  libspace.o(.text)
    __rt_ctype_table                         0x08000611   Thumb Code    16  rt_ctype_table.o(.text)
    _strtoul                                 0x08000621   Thumb Code   158  _strtoul.o(.text)
    __user_setup_stackheap                   0x080006bf   Thumb Code    74  sys_stackheap_outer.o(.text)
    __rt_locale                              0x08000709   Thumb Code     8  rt_locale_intlibspace.o(.text)
    _chval                                   0x08000711   Thumb Code    28  _chval.o(.text)
    exit                                     0x0800072d   Thumb Code    18  exit.o(.text)
    strcmp                                   0x08000741   Thumb Code   128  strcmpv7m.o(.text)
    _sys_exit                                0x080007c1   Thumb Code     8  sys_exit.o(.text)
    __I$use$semihosting                      0x080007cd   Thumb Code     0  use_no_semi.o(.text)
    __use_no_semihosting_swi                 0x080007cd   Thumb Code     2  use_no_semi.o(.text)
    __semihosting_library_function           0x080007cf   Thumb Code     0  indicate_semi.o(.text)
    ADC_ConversionStop_Disable               0x080007d1   Thumb Code    86  stm32f1xx_hal_adc.o(i.ADC_ConversionStop_Disable)
    ADC_Enable                               0x08000829   Thumb Code   114  stm32f1xx_hal_adc.o(i.ADC_Enable)
    Ali_MQTT_Publish_1                       0x080008a5   Thumb Code   142  aliesp8266.o(i.Ali_MQTT_Publish_1)
    Ali_MQTT_Publish_2                       0x080009f5   Thumb Code   168  aliesp8266.o(i.Ali_MQTT_Publish_2)
    Ali_MQTT_Recevie                         0x08000b79   Thumb Code   130  aliesp8266.o(i.Ali_MQTT_Recevie)
    BusFault_Handler                         0x08000c41   Thumb Code     2  stm32f1xx_it.o(i.BusFault_Handler)
    Chiclet_Keyboard_Scan                    0x08000c45   Thumb Code   148  key.o(i.Chiclet_Keyboard_Scan)
    DQ_IN                                    0x08000ce1   Thumb Code    26  ds18b20.o(i.DQ_IN)
    DQ_OUT                                   0x08000d01   Thumb Code    28  ds18b20.o(i.DQ_OUT)
    DebugMon_Handler                         0x08000d21   Thumb Code     2  stm32f1xx_it.o(i.DebugMon_Handler)
    Display_function                         0x08000d25   Thumb Code   174  main.o(i.Display_function)
    Ds18b20_GPIO_Init                        0x08000e25   Thumb Code    50  ds18b20.o(i.Ds18b20_GPIO_Init)
    Ds18b20_Init                             0x08000e61   Thumb Code    88  ds18b20.o(i.Ds18b20_Init)
    Ds18b20_Read_Temp                        0x08000ebd   Thumb Code    82  ds18b20.o(i.Ds18b20_Read_Temp)
    ESP8266LinkAp                            0x08000f15   Thumb Code   144  aliesp8266.o(i.ESP8266LinkAp)
    ESP8266LinkloT                           0x08001061   Thumb Code   146  aliesp8266.o(i.ESP8266LinkloT)
    ESP8266_Clear                            0x08001245   Thumb Code    20  aliesp8266.o(i.ESP8266_Clear)
    ESP8266_SendCmd                          0x08001261   Thumb Code    64  aliesp8266.o(i.ESP8266_SendCmd)
    ESP8266_WaitRecive                       0x080012a5   Thumb Code    28  aliesp8266.o(i.ESP8266_WaitRecive)
    ESP8266_init                             0x080012c5   Thumb Code    24  aliesp8266.o(i.ESP8266_init)
    Error_Handler                            0x080012e5   Thumb Code     4  main.o(i.Error_Handler)
    HAL_ADC_ConfigChannel                    0x080012e9   Thumb Code   240  stm32f1xx_hal_adc.o(i.HAL_ADC_ConfigChannel)
    HAL_ADC_GetValue                         0x080013e5   Thumb Code     6  stm32f1xx_hal_adc.o(i.HAL_ADC_GetValue)
    HAL_ADC_Init                             0x080013ed   Thumb Code   272  stm32f1xx_hal_adc.o(i.HAL_ADC_Init)
    HAL_ADC_MspInit                          0x08001509   Thumb Code    76  adc.o(i.HAL_ADC_MspInit)
    HAL_ADC_PollForConversion                0x08001561   Thumb Code   304  stm32f1xx_hal_adc.o(i.HAL_ADC_PollForConversion)
    HAL_ADC_Start                            0x0800169d   Thumb Code   184  stm32f1xx_hal_adc.o(i.HAL_ADC_Start)
    HAL_ADC_Stop                             0x0800175d   Thumb Code    52  stm32f1xx_hal_adc.o(i.HAL_ADC_Stop)
    HAL_DMA_Abort                            0x08001791   Thumb Code    70  stm32f1xx_hal_dma.o(i.HAL_DMA_Abort)
    HAL_DMA_Abort_IT                         0x080017d9   Thumb Code   148  stm32f1xx_hal_dma.o(i.HAL_DMA_Abort_IT)
    HAL_Delay                                0x08001871   Thumb Code    32  stm32f1xx_hal.o(i.HAL_Delay)
    HAL_GPIO_Init                            0x08001895   Thumb Code   446  stm32f1xx_hal_gpio.o(i.HAL_GPIO_Init)
    HAL_GPIO_ReadPin                         0x08001a75   Thumb Code    10  stm32f1xx_hal_gpio.o(i.HAL_GPIO_ReadPin)
    HAL_GPIO_WritePin                        0x08001a7f   Thumb Code    10  stm32f1xx_hal_gpio.o(i.HAL_GPIO_WritePin)
    HAL_GetTick                              0x08001a89   Thumb Code     6  stm32f1xx_hal.o(i.HAL_GetTick)
    HAL_IncTick                              0x08001a95   Thumb Code    12  stm32f1xx_hal.o(i.HAL_IncTick)
    HAL_Init                                 0x08001aa5   Thumb Code    32  stm32f1xx_hal.o(i.HAL_Init)
    HAL_InitTick                             0x08001ac9   Thumb Code    54  stm32f1xx_hal.o(i.HAL_InitTick)
    HAL_MspInit                              0x08001b09   Thumb Code    52  stm32f1xx_hal_msp.o(i.HAL_MspInit)
    HAL_NVIC_EnableIRQ                       0x08001b45   Thumb Code    26  stm32f1xx_hal_cortex.o(i.HAL_NVIC_EnableIRQ)
    HAL_NVIC_SetPriority                     0x08001b61   Thumb Code    60  stm32f1xx_hal_cortex.o(i.HAL_NVIC_SetPriority)
    HAL_NVIC_SetPriorityGrouping             0x08001ba1   Thumb Code    26  stm32f1xx_hal_cortex.o(i.HAL_NVIC_SetPriorityGrouping)
    HAL_RCCEx_GetPeriphCLKFreq               0x08001bc5   Thumb Code   166  stm32f1xx_hal_rcc_ex.o(i.HAL_RCCEx_GetPeriphCLKFreq)
    HAL_RCCEx_PeriphCLKConfig                0x08001c8d   Thumb Code   224  stm32f1xx_hal_rcc_ex.o(i.HAL_RCCEx_PeriphCLKConfig)
    HAL_RCC_ClockConfig                      0x08001d79   Thumb Code   280  stm32f1xx_hal_rcc.o(i.HAL_RCC_ClockConfig)
    HAL_RCC_GetPCLK1Freq                     0x08001ea5   Thumb Code    20  stm32f1xx_hal_rcc.o(i.HAL_RCC_GetPCLK1Freq)
    HAL_RCC_GetPCLK2Freq                     0x08001ec5   Thumb Code    20  stm32f1xx_hal_rcc.o(i.HAL_RCC_GetPCLK2Freq)
    HAL_RCC_GetSysClockFreq                  0x08001ee5   Thumb Code    74  stm32f1xx_hal_rcc.o(i.HAL_RCC_GetSysClockFreq)
    HAL_RCC_OscConfig                        0x08001f51   Thumb Code   778  stm32f1xx_hal_rcc.o(i.HAL_RCC_OscConfig)
    HAL_SYSTICK_Config                       0x08002271   Thumb Code    40  stm32f1xx_hal_cortex.o(i.HAL_SYSTICK_Config)
    HAL_TIMEx_BreakCallback                  0x08002299   Thumb Code     2  stm32f1xx_hal_tim_ex.o(i.HAL_TIMEx_BreakCallback)
    HAL_TIMEx_CommutCallback                 0x0800229b   Thumb Code     2  stm32f1xx_hal_tim_ex.o(i.HAL_TIMEx_CommutCallback)
    HAL_TIMEx_MasterConfigSynchronization    0x0800229d   Thumb Code    92  stm32f1xx_hal_tim_ex.o(i.HAL_TIMEx_MasterConfigSynchronization)
    HAL_TIM_Base_Init                        0x08002305   Thumb Code    90  stm32f1xx_hal_tim.o(i.HAL_TIM_Base_Init)
    HAL_TIM_Base_MspInit                     0x08002361   Thumb Code    50  tim.o(i.HAL_TIM_Base_MspInit)
    HAL_TIM_Base_Start_IT                    0x0800239d   Thumb Code    76  stm32f1xx_hal_tim.o(i.HAL_TIM_Base_Start_IT)
    HAL_TIM_ConfigClockSource                0x080023f5   Thumb Code   214  stm32f1xx_hal_tim.o(i.HAL_TIM_ConfigClockSource)
    HAL_TIM_IC_CaptureCallback               0x080024cb   Thumb Code     2  stm32f1xx_hal_tim.o(i.HAL_TIM_IC_CaptureCallback)
    HAL_TIM_IRQHandler                       0x080024cd   Thumb Code   358  stm32f1xx_hal_tim.o(i.HAL_TIM_IRQHandler)
    HAL_TIM_OC_DelayElapsedCallback          0x08002633   Thumb Code     2  stm32f1xx_hal_tim.o(i.HAL_TIM_OC_DelayElapsedCallback)
    HAL_TIM_PWM_PulseFinishedCallback        0x08002635   Thumb Code     2  stm32f1xx_hal_tim.o(i.HAL_TIM_PWM_PulseFinishedCallback)
    HAL_TIM_PeriodElapsedCallback            0x08002639   Thumb Code   172  main.o(i.HAL_TIM_PeriodElapsedCallback)
    HAL_TIM_TriggerCallback                  0x080026f5   Thumb Code     2  stm32f1xx_hal_tim.o(i.HAL_TIM_TriggerCallback)
    HAL_UARTEx_RxEventCallback               0x080026f7   Thumb Code     2  stm32f1xx_hal_uart.o(i.HAL_UARTEx_RxEventCallback)
    HAL_UART_ErrorCallback                   0x080026f9   Thumb Code     2  stm32f1xx_hal_uart.o(i.HAL_UART_ErrorCallback)
    HAL_UART_IRQHandler                      0x080026fd   Thumb Code   520  stm32f1xx_hal_uart.o(i.HAL_UART_IRQHandler)
    HAL_UART_Init                            0x08002909   Thumb Code    98  stm32f1xx_hal_uart.o(i.HAL_UART_Init)
    HAL_UART_MspInit                         0x0800296d   Thumb Code   114  usart.o(i.HAL_UART_MspInit)
    HAL_UART_Receive_IT                      0x080029ed   Thumb Code    42  stm32f1xx_hal_uart.o(i.HAL_UART_Receive_IT)
    HAL_UART_RxCpltCallback                  0x08002a19   Thumb Code    52  main.o(i.HAL_UART_RxCpltCallback)
    HAL_UART_Transmit                        0x08002a5d   Thumb Code   178  stm32f1xx_hal_uart.o(i.HAL_UART_Transmit)
    HAL_UART_TxCpltCallback                  0x08002b0f   Thumb Code     2  stm32f1xx_hal_uart.o(i.HAL_UART_TxCpltCallback)
    HardFault_Handler                        0x08002b11   Thumb Code     2  stm32f1xx_it.o(i.HardFault_Handler)
    Key_function                             0x08002b15   Thumb Code    70  main.o(i.Key_function)
    MX_ADC1_Init                             0x08002b61   Thumb Code    72  adc.o(i.MX_ADC1_Init)
    MX_GPIO_Init                             0x08002bb1   Thumb Code   166  gpio.o(i.MX_GPIO_Init)
    MX_TIM1_Init                             0x08002c65   Thumb Code    96  tim.o(i.MX_TIM1_Init)
    MX_USART2_UART_Init                      0x08002ccd   Thumb Code    48  usart.o(i.MX_USART2_UART_Init)
    MemManage_Handler                        0x08002d05   Thumb Code     2  stm32f1xx_it.o(i.MemManage_Handler)
    Monitor_function                         0x08002d09   Thumb Code   318  main.o(i.Monitor_function)
    NMI_Handler                              0x08002e61   Thumb Code     2  stm32f1xx_it.o(i.NMI_Handler)
    OLED_Clear                               0x08002e63   Thumb Code    52  oled_new.o(i.OLED_Clear)
    OLED_GPIO_Init                           0x08002e99   Thumb Code    86  oled_new.o(i.OLED_GPIO_Init)
    OLED_IIC_Start                           0x08002ef9   Thumb Code    70  oled_new.o(i.OLED_IIC_Start)
    OLED_IIC_Stop                            0x08002f45   Thumb Code    54  oled_new.o(i.OLED_IIC_Stop)
    OLED_Init                                0x08002f81   Thumb Code   186  oled_new.o(i.OLED_Init)
    OLED_Set_Pos                             0x0800303b   Thumb Code    38  oled_new.o(i.OLED_Set_Pos)
    OLED_ShowNum                             0x08003061   Thumb Code    94  oled_new.o(i.OLED_ShowNum)
    OLED_Show_Temp                           0x080030c1   Thumb Code   120  oled_new.o(i.OLED_Show_Temp)
    OLED_Write_IIC_Byte                      0x08003141   Thumb Code   146  oled_new.o(i.OLED_Write_IIC_Byte)
    OLED_write_iic_com                       0x080031d9   Thumb Code    34  oled_new.o(i.OLED_write_iic_com)
    OLED_write_iic_dat                       0x080031fb   Thumb Code    34  oled_new.o(i.OLED_write_iic_dat)
    Oled_ShowCHinese                         0x0800321d   Thumb Code   126  oled_new.o(i.Oled_ShowCHinese)
    Oled_ShowChar                            0x080032a1   Thumb Code    70  oled_new.o(i.Oled_ShowChar)
    Oled_ShowString                          0x080032ed   Thumb Code    48  oled_new.o(i.Oled_ShowString)
    PendSV_Handler                           0x0800331d   Thumb Code     2  stm32f1xx_it.o(i.PendSV_Handler)
    SVC_Handler                              0x0800331f   Thumb Code     2  stm32f1xx_it.o(i.SVC_Handler)
    SysTick_Handler                          0x08003321   Thumb Code     4  stm32f1xx_it.o(i.SysTick_Handler)
    SystemClock_Config                       0x08003325   Thumb Code   120  main.o(i.SystemClock_Config)
    SystemInit                               0x0800339d   Thumb Code     2  system_stm32f1xx.o(i.SystemInit)
    TIM1_UP_IRQHandler                       0x080033a1   Thumb Code     6  stm32f1xx_it.o(i.TIM1_UP_IRQHandler)
    TIM_Base_SetConfig                       0x080033ad   Thumb Code    94  stm32f1xx_hal_tim.o(i.TIM_Base_SetConfig)
    TIM_ETR_SetConfig                        0x08003419   Thumb Code    20  stm32f1xx_hal_tim.o(i.TIM_ETR_SetConfig)
    UART_Start_Receive_IT                    0x08003631   Thumb Code    54  stm32f1xx_hal_uart.o(i.UART_Start_Receive_IT)
    USART2_IRQHandler                        0x080036cd   Thumb Code     6  stm32f1xx_it.o(i.USART2_IRQHandler)
    UsageFault_Handler                       0x080036d9   Thumb Code     2  stm32f1xx_it.o(i.UsageFault_Handler)
    Usart_SendString                         0x080036dd   Thumb Code    42  aliesp8266.o(i.Usart_SendString)
    delay_us                                 0x0800372d   Thumb Code    66  delay.o(i.delay_us)
    main                                     0x08003771   Thumb Code    74  main.o(i.main)
    oled_pow                                 0x080037c9   Thumb Code    16  oled_new.o(i.oled_pow)
    read_18b20                               0x080037d9   Thumb Code    84  ds18b20.o(i.read_18b20)
    write_18b20                              0x08003831   Thumb Code    82  ds18b20.o(i.write_18b20)
    _get_lc_ctype                            0x08003889   Thumb Code    44  lc_ctype_c.o(locale$$code)
    __aeabi_ddiv                             0x080038b5   Thumb Code     0  ddiv.o(x$fpl$ddiv)
    _ddiv                                    0x080038b5   Thumb Code   552  ddiv.o(x$fpl$ddiv)
    __aeabi_d2uiz                            0x08003b65   Thumb Code     0  dfixu.o(x$fpl$dfixu)
    _dfixu                                   0x08003b65   Thumb Code    90  dfixu.o(x$fpl$dfixu)
    __aeabi_ui2d                             0x08003bbf   Thumb Code     0  dflt_clz.o(x$fpl$dfltu)
    _dfltu                                   0x08003bbf   Thumb Code    38  dflt_clz.o(x$fpl$dfltu)
    __aeabi_dmul                             0x08003be5   Thumb Code     0  dmul.o(x$fpl$dmul)
    _dmul                                    0x08003be5   Thumb Code   332  dmul.o(x$fpl$dmul)
    __fpl_dnaninf                            0x08003d39   Thumb Code   156  dnaninf.o(x$fpl$dnaninf)
    __fpl_dretinf                            0x08003dd5   Thumb Code    12  dretinf.o(x$fpl$dretinf)
    Motor_Buf                                0x08003de0   Data           8  main.o(.constdata)
    __I$use$fp                               0x08003de0   Number         0  usenofp.o(x$fpl$usenofp)
    AHBPrescTable                            0x08003de8   Data          16  system_stm32f1xx.o(.constdata)
    APBPrescTable                            0x08003df8   Data           8  system_stm32f1xx.o(.constdata)
    Hzk                                      0x08003e00   Data         918  oled_new.o(.constdata)
    F8X16                                    0x08004196   Data        1520  oled_new.o(.constdata)
    QRCode_HEX                               0x08004786   Data         512  oled_new.o(.constdata)
    ZiMo_64X64                               0x08004986   Data        2560  oled_new.o(.constdata)
    Region$$Table$$Base                      0x080053dc   Number         0  anon$$obj.o(Region$$Table)
    Region$$Table$$Limit                     0x080053fc   Number         0  anon$$obj.o(Region$$Table)
    __ctype                                  0x08005409   Data           0  lc_ctype_c.o(locale$$data)
    key_num                                  0x20000000   Data           1  main.o(.data)
    Motor_Status                             0x20000001   Data           1  main.o(.data)
    flag_moto                                0x20000002   Data           1  main.o(.data)
    mode                                     0x20000003   Data           1  main.o(.data)
    hot_flag                                 0x20000004   Data           1  main.o(.data)
    fan_flag                                 0x20000005   Data           1  main.o(.data)
    crib_flag                                0x20000006   Data           1  main.o(.data)
    beep_temp                                0x20000007   Data           1  main.o(.data)
    beep_humi                                0x20000008   Data           1  main.o(.data)
    time_1ms                                 0x2000000a   Data           2  main.o(.data)
    time_500ms                               0x2000000c   Data           2  main.o(.data)
    Motor_Num                                0x2000000e   Data           2  main.o(.data)
    Motor_Time                               0x20000010   Data           2  main.o(.data)
    body_temp                                0x20000012   Data           2  main.o(.data)
    adc_value                                0x20000014   Data           2  main.o(.data)
    humi                                     0x20000016   Data           2  main.o(.data)
    time_1                                   0x20000018   Data           2  main.o(.data)
    flag_1                                   0x2000001a   Data           2  main.o(.data)
    time_2                                   0x2000001c   Data           2  main.o(.data)
    flag_2                                   0x2000001e   Data           2  main.o(.data)
    uwTickFreq                               0x20000020   Data           1  stm32f1xx_hal.o(.data)
    uwTickPrio                               0x20000024   Data           4  stm32f1xx_hal.o(.data)
    uwTick                                   0x20000028   Data           4  stm32f1xx_hal.o(.data)
    SystemCoreClock                          0x2000002c   Data           4  system_stm32f1xx.o(.data)
    chiclet_keyboard_num                     0x20000030   Data           1  key.o(.data)
    uartwifi_value                           0x20000032   Data           1  aliesp8266.o(.data)
    ESP8266_cnt                              0x20000034   Data           2  aliesp8266.o(.data)
    ESP8266_cntPre                           0x20000036   Data           2  aliesp8266.o(.data)
    hadc1                                    0x20000038   Data          48  adc.o(.bss)
    htim1                                    0x20000068   Data          72  tim.o(.bss)
    huart2                                   0x200000b0   Data          68  usart.o(.bss)
    ESP8266_buf                              0x200000f4   Data        1024  aliesp8266.o(.bss)
    USARTWIFI_TX_BUF                         0x200004f4   Data        1024  aliesp8266.o(.bss)
    __libspace_start                         0x200008f4   Data          96  libspace.o(.bss)
    __temporary_stack_top$libspace           0x20000954   Data           0  libspace.o(.bss)



==============================================================================

Memory Map of the image

  Image Entry point : 0x080000ed

  Load Region LR_IROM1 (Base: 0x08000000, Size: 0x00005544, Max: 0x00010000, ABSOLUTE)

    Execution Region ER_IROM1 (Exec base: 0x08000000, Load base: 0x08000000, Size: 0x0000550c, Max: 0x00010000, ABSOLUTE)

    Exec Addr    Load Addr    Size         Type   Attr      Idx    E Section Name        Object

    0x08000000   0x08000000   0x000000ec   Data   RO            3    RESET               startup_stm32f103xb.o
    0x080000ec   0x080000ec   0x00000008   Code   RO         3557  * !!!main             c_w.l(__main.o)
    0x080000f4   0x080000f4   0x00000034   Code   RO         3769    !!!scatter          c_w.l(__scatter.o)
    0x08000128   0x08000128   0x0000001a   Code   RO         3771    !!handler_copy      c_w.l(__scatter_copy.o)
    0x08000142   0x08000142   0x00000002   PAD
    0x08000144   0x08000144   0x0000001c   Code   RO         3773    !!handler_zi        c_w.l(__scatter_zi.o)
    0x08000160   0x08000160   0x00000000   Code   RO         3542    .ARM.Collect$$_printf_percent$$00000000  c_w.l(_printf_percent.o)
    0x08000160   0x08000160   0x00000006   Code   RO         3541    .ARM.Collect$$_printf_percent$$00000009  c_w.l(_printf_d.o)
    0x08000166   0x08000166   0x00000006   Code   RO         3540    .ARM.Collect$$_printf_percent$$00000014  c_w.l(_printf_s.o)
    0x0800016c   0x0800016c   0x00000004   Code   RO         3589    .ARM.Collect$$_printf_percent$$00000017  c_w.l(_printf_percent_end.o)
    0x08000170   0x08000170   0x00000002   Code   RO         3640    .ARM.Collect$$libinit$$00000000  c_w.l(libinit.o)
    0x08000172   0x08000172   0x00000000   Code   RO         3646    .ARM.Collect$$libinit$$00000002  c_w.l(libinit2.o)
    0x08000172   0x08000172   0x00000000   Code   RO         3648    .ARM.Collect$$libinit$$00000004  c_w.l(libinit2.o)
    0x08000172   0x08000172   0x00000000   Code   RO         3651    .ARM.Collect$$libinit$$0000000A  c_w.l(libinit2.o)
    0x08000172   0x08000172   0x00000000   Code   RO         3653    .ARM.Collect$$libinit$$0000000C  c_w.l(libinit2.o)
    0x08000172   0x08000172   0x00000000   Code   RO         3655    .ARM.Collect$$libinit$$0000000E  c_w.l(libinit2.o)
    0x08000172   0x08000172   0x00000006   Code   RO         3656    .ARM.Collect$$libinit$$0000000F  c_w.l(libinit2.o)
    0x08000178   0x08000178   0x00000000   Code   RO         3658    .ARM.Collect$$libinit$$00000011  c_w.l(libinit2.o)
    0x08000178   0x08000178   0x0000000c   Code   RO         3659    .ARM.Collect$$libinit$$00000012  c_w.l(libinit2.o)
    0x08000184   0x08000184   0x00000000   Code   RO         3660    .ARM.Collect$$libinit$$00000013  c_w.l(libinit2.o)
    0x08000184   0x08000184   0x00000000   Code   RO         3662    .ARM.Collect$$libinit$$00000015  c_w.l(libinit2.o)
    0x08000184   0x08000184   0x00000000   Code   RO         3664    .ARM.Collect$$libinit$$00000017  c_w.l(libinit2.o)
    0x08000184   0x08000184   0x00000000   Code   RO         3666    .ARM.Collect$$libinit$$00000019  c_w.l(libinit2.o)
    0x08000184   0x08000184   0x00000000   Code   RO         3668    .ARM.Collect$$libinit$$0000001B  c_w.l(libinit2.o)
    0x08000184   0x08000184   0x00000000   Code   RO         3670    .ARM.Collect$$libinit$$0000001D  c_w.l(libinit2.o)
    0x08000184   0x08000184   0x00000000   Code   RO         3672    .ARM.Collect$$libinit$$0000001F  c_w.l(libinit2.o)
    0x08000184   0x08000184   0x00000000   Code   RO         3674    .ARM.Collect$$libinit$$00000021  c_w.l(libinit2.o)
    0x08000184   0x08000184   0x00000000   Code   RO         3676    .ARM.Collect$$libinit$$00000023  c_w.l(libinit2.o)
    0x08000184   0x08000184   0x00000000   Code   RO         3678    .ARM.Collect$$libinit$$00000025  c_w.l(libinit2.o)
    0x08000184   0x08000184   0x00000000   Code   RO         3682    .ARM.Collect$$libinit$$0000002C  c_w.l(libinit2.o)
    0x08000184   0x08000184   0x00000000   Code   RO         3684    .ARM.Collect$$libinit$$0000002E  c_w.l(libinit2.o)
    0x08000184   0x08000184   0x00000000   Code   RO         3686    .ARM.Collect$$libinit$$00000030  c_w.l(libinit2.o)
    0x08000184   0x08000184   0x00000000   Code   RO         3688    .ARM.Collect$$libinit$$00000032  c_w.l(libinit2.o)
    0x08000184   0x08000184   0x00000002   Code   RO         3689    .ARM.Collect$$libinit$$00000033  c_w.l(libinit2.o)
    0x08000186   0x08000186   0x00000002   Code   RO         3709    .ARM.Collect$$libshutdown$$00000000  c_w.l(libshutdown.o)
    0x08000188   0x08000188   0x00000000   Code   RO         3722    .ARM.Collect$$libshutdown$$00000002  c_w.l(libshutdown2.o)
    0x08000188   0x08000188   0x00000000   Code   RO         3724    .ARM.Collect$$libshutdown$$00000004  c_w.l(libshutdown2.o)
    0x08000188   0x08000188   0x00000000   Code   RO         3727    .ARM.Collect$$libshutdown$$00000007  c_w.l(libshutdown2.o)
    0x08000188   0x08000188   0x00000000   Code   RO         3730    .ARM.Collect$$libshutdown$$0000000A  c_w.l(libshutdown2.o)
    0x08000188   0x08000188   0x00000000   Code   RO         3732    .ARM.Collect$$libshutdown$$0000000C  c_w.l(libshutdown2.o)
    0x08000188   0x08000188   0x00000000   Code   RO         3735    .ARM.Collect$$libshutdown$$0000000F  c_w.l(libshutdown2.o)
    0x08000188   0x08000188   0x00000002   Code   RO         3736    .ARM.Collect$$libshutdown$$00000010  c_w.l(libshutdown2.o)
    0x0800018a   0x0800018a   0x00000000   Code   RO         3575    .ARM.Collect$$rtentry$$00000000  c_w.l(__rtentry.o)
    0x0800018a   0x0800018a   0x00000000   Code   RO         3601    .ARM.Collect$$rtentry$$00000002  c_w.l(__rtentry2.o)
    0x0800018a   0x0800018a   0x00000006   Code   RO         3613    .ARM.Collect$$rtentry$$00000004  c_w.l(__rtentry4.o)
    0x08000190   0x08000190   0x00000000   Code   RO         3603    .ARM.Collect$$rtentry$$00000009  c_w.l(__rtentry2.o)
    0x08000190   0x08000190   0x00000004   Code   RO         3604    .ARM.Collect$$rtentry$$0000000A  c_w.l(__rtentry2.o)
    0x08000194   0x08000194   0x00000000   Code   RO         3606    .ARM.Collect$$rtentry$$0000000C  c_w.l(__rtentry2.o)
    0x08000194   0x08000194   0x00000008   Code   RO         3607    .ARM.Collect$$rtentry$$0000000D  c_w.l(__rtentry2.o)
    0x0800019c   0x0800019c   0x00000002   Code   RO         3641    .ARM.Collect$$rtexit$$00000000  c_w.l(rtexit.o)
    0x0800019e   0x0800019e   0x00000000   Code   RO         3691    .ARM.Collect$$rtexit$$00000002  c_w.l(rtexit2.o)
    0x0800019e   0x0800019e   0x00000004   Code   RO         3692    .ARM.Collect$$rtexit$$00000003  c_w.l(rtexit2.o)
    0x080001a2   0x080001a2   0x00000006   Code   RO         3693    .ARM.Collect$$rtexit$$00000004  c_w.l(rtexit2.o)
    0x080001a8   0x080001a8   0x00000040   Code   RO            4    .text               startup_stm32f103xb.o
    0x080001e8   0x080001e8   0x0000002c   Code   RO         3510    .text               c_w.l(__2sprintf.o)
    0x08000214   0x08000214   0x00000068   Code   RO         3514    .text               c_w.l(__printf.o)
    0x0800027c   0x0800027c   0x00000052   Code   RO         3516    .text               c_w.l(_printf_str.o)
    0x080002ce   0x080002ce   0x00000002   PAD
    0x080002d0   0x080002d0   0x00000078   Code   RO         3518    .text               c_w.l(_printf_dec.o)
    0x08000348   0x08000348   0x0000001a   Code   RO         3543    .text               c_w.l(atoi.o)
    0x08000362   0x08000362   0x00000024   Code   RO         3545    .text               c_w.l(strstr.o)
    0x08000386   0x08000386   0x0000003e   Code   RO         3547    .text               c_w.l(strlen.o)
    0x080003c4   0x080003c4   0x00000018   Code   RO         3549    .text               c_w.l(strcat.o)
    0x080003dc   0x080003dc   0x00000044   Code   RO         3551    .text               c_w.l(rt_memclr.o)
    0x08000420   0x08000420   0x0000004e   Code   RO         3553    .text               c_w.l(rt_memclr_w.o)
    0x0800046e   0x0800046e   0x00000006   Code   RO         3555    .text               c_w.l(heapauxi.o)
    0x08000474   0x08000474   0x00000008   Code   RO         3579    .text               c_w.l(rt_errno_addr_intlibspace.o)
    0x0800047c   0x0800047c   0x000000b2   Code   RO         3581    .text               c_w.l(_printf_intcommon.o)
    0x0800052e   0x0800052e   0x00000002   PAD
    0x08000530   0x08000530   0x00000030   Code   RO         3583    .text               c_w.l(_printf_char_common.o)
    0x08000560   0x08000560   0x0000000a   Code   RO         3585    .text               c_w.l(_sputc.o)
    0x0800056a   0x0800056a   0x0000002c   Code   RO         3587    .text               c_w.l(_printf_char.o)
    0x08000596   0x08000596   0x00000070   Code   RO         3590    .text               c_w.l(strtol.o)
    0x08000606   0x08000606   0x00000002   PAD
    0x08000608   0x08000608   0x00000008   Code   RO         3597    .text               c_w.l(libspace.o)
    0x08000610   0x08000610   0x00000010   Code   RO         3615    .text               c_w.l(rt_ctype_table.o)
    0x08000620   0x08000620   0x0000009e   Code   RO         3619    .text               c_w.l(_strtoul.o)
    0x080006be   0x080006be   0x0000004a   Code   RO         3621    .text               c_w.l(sys_stackheap_outer.o)
    0x08000708   0x08000708   0x00000008   Code   RO         3626    .text               c_w.l(rt_locale_intlibspace.o)
    0x08000710   0x08000710   0x0000001c   Code   RO         3628    .text               c_w.l(_chval.o)
    0x0800072c   0x0800072c   0x00000012   Code   RO         3633    .text               c_w.l(exit.o)
    0x0800073e   0x0800073e   0x00000002   PAD
    0x08000740   0x08000740   0x00000080   Code   RO         3643    .text               c_w.l(strcmpv7m.o)
    0x080007c0   0x080007c0   0x0000000c   Code   RO         3701    .text               c_w.l(sys_exit.o)
    0x080007cc   0x080007cc   0x00000002   Code   RO         3712    .text               c_w.l(use_no_semi.o)
    0x080007ce   0x080007ce   0x00000000   Code   RO         3714    .text               c_w.l(indicate_semi.o)
    0x080007ce   0x080007ce   0x00000002   PAD
    0x080007d0   0x080007d0   0x00000056   Code   RO          525    i.ADC_ConversionStop_Disable  stm32f1xx_hal_adc.o
    0x08000826   0x08000826   0x00000002   PAD
    0x08000828   0x08000828   0x0000007c   Code   RO          529    i.ADC_Enable        stm32f1xx_hal_adc.o
    0x080008a4   0x080008a4   0x00000150   Code   RO         3353    i.Ali_MQTT_Publish_1  aliesp8266.o
    0x080009f4   0x080009f4   0x00000184   Code   RO         3354    i.Ali_MQTT_Publish_2  aliesp8266.o
    0x08000b78   0x08000b78   0x000000c8   Code   RO         3355    i.Ali_MQTT_Recevie  aliesp8266.o
    0x08000c40   0x08000c40   0x00000002   Code   RO          377    i.BusFault_Handler  stm32f1xx_it.o
    0x08000c42   0x08000c42   0x00000002   PAD
    0x08000c44   0x08000c44   0x0000009c   Code   RO         3168    i.Chiclet_Keyboard_Scan  key.o
    0x08000ce0   0x08000ce0   0x00000020   Code   RO         3450    i.DQ_IN             ds18b20.o
    0x08000d00   0x08000d00   0x00000020   Code   RO         3451    i.DQ_OUT            ds18b20.o
    0x08000d20   0x08000d20   0x00000002   Code   RO          378    i.DebugMon_Handler  stm32f1xx_it.o
    0x08000d22   0x08000d22   0x00000002   PAD
    0x08000d24   0x08000d24   0x00000100   Code   RO           13    i.Display_function  main.o
    0x08000e24   0x08000e24   0x0000003c   Code   RO         3452    i.Ds18b20_GPIO_Init  ds18b20.o
    0x08000e60   0x08000e60   0x0000005c   Code   RO         3453    i.Ds18b20_Init      ds18b20.o
    0x08000ebc   0x08000ebc   0x00000058   Code   RO         3454    i.Ds18b20_Read_Temp  ds18b20.o
    0x08000f14   0x08000f14   0x0000014c   Code   RO         3356    i.ESP8266LinkAp     aliesp8266.o
    0x08001060   0x08001060   0x000001e4   Code   RO         3357    i.ESP8266LinkloT    aliesp8266.o
    0x08001244   0x08001244   0x0000001c   Code   RO         3358    i.ESP8266_Clear     aliesp8266.o
    0x08001260   0x08001260   0x00000044   Code   RO         3360    i.ESP8266_SendCmd   aliesp8266.o
    0x080012a4   0x080012a4   0x00000020   Code   RO         3362    i.ESP8266_WaitRecive  aliesp8266.o
    0x080012c4   0x080012c4   0x00000020   Code   RO         3363    i.ESP8266_init      aliesp8266.o
    0x080012e4   0x080012e4   0x00000004   Code   RO           14    i.Error_Handler     main.o
    0x080012e8   0x080012e8   0x000000fc   Code   RO          531    i.HAL_ADC_ConfigChannel  stm32f1xx_hal_adc.o
    0x080013e4   0x080013e4   0x00000006   Code   RO          538    i.HAL_ADC_GetValue  stm32f1xx_hal_adc.o
    0x080013ea   0x080013ea   0x00000002   PAD
    0x080013ec   0x080013ec   0x0000011c   Code   RO          540    i.HAL_ADC_Init      stm32f1xx_hal_adc.o
    0x08001508   0x08001508   0x00000058   Code   RO          252    i.HAL_ADC_MspInit   adc.o
    0x08001560   0x08001560   0x0000013c   Code   RO          544    i.HAL_ADC_PollForConversion  stm32f1xx_hal_adc.o
    0x0800169c   0x0800169c   0x000000c0   Code   RO          546    i.HAL_ADC_Start     stm32f1xx_hal_adc.o
    0x0800175c   0x0800175c   0x00000034   Code   RO          549    i.HAL_ADC_Stop      stm32f1xx_hal_adc.o
    0x08001790   0x08001790   0x00000046   Code   RO         1180    i.HAL_DMA_Abort     stm32f1xx_hal_dma.o
    0x080017d6   0x080017d6   0x00000002   PAD
    0x080017d8   0x080017d8   0x00000098   Code   RO         1181    i.HAL_DMA_Abort_IT  stm32f1xx_hal_dma.o
    0x08001870   0x08001870   0x00000024   Code   RO          808    i.HAL_Delay         stm32f1xx_hal.o
    0x08001894   0x08001894   0x000001e0   Code   RO         1116    i.HAL_GPIO_Init     stm32f1xx_hal_gpio.o
    0x08001a74   0x08001a74   0x0000000a   Code   RO         1118    i.HAL_GPIO_ReadPin  stm32f1xx_hal_gpio.o
    0x08001a7e   0x08001a7e   0x0000000a   Code   RO         1120    i.HAL_GPIO_WritePin  stm32f1xx_hal_gpio.o
    0x08001a88   0x08001a88   0x0000000c   Code   RO          812    i.HAL_GetTick       stm32f1xx_hal.o
    0x08001a94   0x08001a94   0x00000010   Code   RO          818    i.HAL_IncTick       stm32f1xx_hal.o
    0x08001aa4   0x08001aa4   0x00000024   Code   RO          819    i.HAL_Init          stm32f1xx_hal.o
    0x08001ac8   0x08001ac8   0x00000040   Code   RO          820    i.HAL_InitTick      stm32f1xx_hal.o
    0x08001b08   0x08001b08   0x0000003c   Code   RO          465    i.HAL_MspInit       stm32f1xx_hal_msp.o
    0x08001b44   0x08001b44   0x0000001a   Code   RO         1276    i.HAL_NVIC_EnableIRQ  stm32f1xx_hal_cortex.o
    0x08001b5e   0x08001b5e   0x00000002   PAD
    0x08001b60   0x08001b60   0x00000040   Code   RO         1282    i.HAL_NVIC_SetPriority  stm32f1xx_hal_cortex.o
    0x08001ba0   0x08001ba0   0x00000024   Code   RO         1283    i.HAL_NVIC_SetPriorityGrouping  stm32f1xx_hal_cortex.o
    0x08001bc4   0x08001bc4   0x000000c8   Code   RO         1078    i.HAL_RCCEx_GetPeriphCLKFreq  stm32f1xx_hal_rcc_ex.o
    0x08001c8c   0x08001c8c   0x000000ec   Code   RO         1079    i.HAL_RCCEx_PeriphCLKConfig  stm32f1xx_hal_rcc_ex.o
    0x08001d78   0x08001d78   0x0000012c   Code   RO          976    i.HAL_RCC_ClockConfig  stm32f1xx_hal_rcc.o
    0x08001ea4   0x08001ea4   0x00000020   Code   RO          983    i.HAL_RCC_GetPCLK1Freq  stm32f1xx_hal_rcc.o
    0x08001ec4   0x08001ec4   0x00000020   Code   RO          984    i.HAL_RCC_GetPCLK2Freq  stm32f1xx_hal_rcc.o
    0x08001ee4   0x08001ee4   0x0000006c   Code   RO          985    i.HAL_RCC_GetSysClockFreq  stm32f1xx_hal_rcc.o
    0x08001f50   0x08001f50   0x00000320   Code   RO          988    i.HAL_RCC_OscConfig  stm32f1xx_hal_rcc.o
    0x08002270   0x08002270   0x00000028   Code   RO         1287    i.HAL_SYSTICK_Config  stm32f1xx_hal_cortex.o
    0x08002298   0x08002298   0x00000002   Code   RO         2482    i.HAL_TIMEx_BreakCallback  stm32f1xx_hal_tim_ex.o
    0x0800229a   0x0800229a   0x00000002   Code   RO         2483    i.HAL_TIMEx_CommutCallback  stm32f1xx_hal_tim_ex.o
    0x0800229c   0x0800229c   0x00000068   Code   RO         2501    i.HAL_TIMEx_MasterConfigSynchronization  stm32f1xx_hal_tim_ex.o
    0x08002304   0x08002304   0x0000005a   Code   RO         1778    i.HAL_TIM_Base_Init  stm32f1xx_hal_tim.o
    0x0800235e   0x0800235e   0x00000002   PAD
    0x08002360   0x08002360   0x0000003c   Code   RO          294    i.HAL_TIM_Base_MspInit  tim.o
    0x0800239c   0x0800239c   0x00000058   Code   RO         1783    i.HAL_TIM_Base_Start_IT  stm32f1xx_hal_tim.o
    0x080023f4   0x080023f4   0x000000d6   Code   RO         1787    i.HAL_TIM_ConfigClockSource  stm32f1xx_hal_tim.o
    0x080024ca   0x080024ca   0x00000002   Code   RO         1812    i.HAL_TIM_IC_CaptureCallback  stm32f1xx_hal_tim.o
    0x080024cc   0x080024cc   0x00000166   Code   RO         1826    i.HAL_TIM_IRQHandler  stm32f1xx_hal_tim.o
    0x08002632   0x08002632   0x00000002   Code   RO         1829    i.HAL_TIM_OC_DelayElapsedCallback  stm32f1xx_hal_tim.o
    0x08002634   0x08002634   0x00000002   Code   RO         1856    i.HAL_TIM_PWM_PulseFinishedCallback  stm32f1xx_hal_tim.o
    0x08002636   0x08002636   0x00000002   PAD
    0x08002638   0x08002638   0x000000bc   Code   RO           15    i.HAL_TIM_PeriodElapsedCallback  main.o
    0x080026f4   0x080026f4   0x00000002   Code   RO         1869    i.HAL_TIM_TriggerCallback  stm32f1xx_hal_tim.o
    0x080026f6   0x080026f6   0x00000002   Code   RO         2760    i.HAL_UARTEx_RxEventCallback  stm32f1xx_hal_uart.o
    0x080026f8   0x080026f8   0x00000002   Code   RO         2774    i.HAL_UART_ErrorCallback  stm32f1xx_hal_uart.o
    0x080026fa   0x080026fa   0x00000002   PAD
    0x080026fc   0x080026fc   0x0000020c   Code   RO         2777    i.HAL_UART_IRQHandler  stm32f1xx_hal_uart.o
    0x08002908   0x08002908   0x00000062   Code   RO         2778    i.HAL_UART_Init     stm32f1xx_hal_uart.o
    0x0800296a   0x0800296a   0x00000002   PAD
    0x0800296c   0x0800296c   0x00000080   Code   RO          336    i.HAL_UART_MspInit  usart.o
    0x080029ec   0x080029ec   0x0000002a   Code   RO         2783    i.HAL_UART_Receive_IT  stm32f1xx_hal_uart.o
    0x08002a16   0x08002a16   0x00000002   PAD
    0x08002a18   0x08002a18   0x00000044   Code   RO           16    i.HAL_UART_RxCpltCallback  main.o
    0x08002a5c   0x08002a5c   0x000000b2   Code   RO         2786    i.HAL_UART_Transmit  stm32f1xx_hal_uart.o
    0x08002b0e   0x08002b0e   0x00000002   Code   RO         2789    i.HAL_UART_TxCpltCallback  stm32f1xx_hal_uart.o
    0x08002b10   0x08002b10   0x00000002   Code   RO          379    i.HardFault_Handler  stm32f1xx_it.o
    0x08002b12   0x08002b12   0x00000002   PAD
    0x08002b14   0x08002b14   0x0000004c   Code   RO           17    i.Key_function      main.o
    0x08002b60   0x08002b60   0x00000050   Code   RO          253    i.MX_ADC1_Init      adc.o
    0x08002bb0   0x08002bb0   0x000000b4   Code   RO          223    i.MX_GPIO_Init      gpio.o
    0x08002c64   0x08002c64   0x00000068   Code   RO          295    i.MX_TIM1_Init      tim.o
    0x08002ccc   0x08002ccc   0x00000038   Code   RO          337    i.MX_USART2_UART_Init  usart.o
    0x08002d04   0x08002d04   0x00000002   Code   RO          380    i.MemManage_Handler  stm32f1xx_it.o
    0x08002d06   0x08002d06   0x00000002   PAD
    0x08002d08   0x08002d08   0x00000158   Code   RO           18    i.Monitor_function  main.o
    0x08002e60   0x08002e60   0x00000002   Code   RO          381    i.NMI_Handler       stm32f1xx_it.o
    0x08002e62   0x08002e62   0x00000034   Code   RO         3195    i.OLED_Clear        oled_new.o
    0x08002e96   0x08002e96   0x00000002   PAD
    0x08002e98   0x08002e98   0x00000060   Code   RO         3200    i.OLED_GPIO_Init    oled_new.o
    0x08002ef8   0x08002ef8   0x0000004c   Code   RO         3201    i.OLED_IIC_Start    oled_new.o
    0x08002f44   0x08002f44   0x0000003c   Code   RO         3202    i.OLED_IIC_Stop     oled_new.o
    0x08002f80   0x08002f80   0x000000ba   Code   RO         3203    i.OLED_Init         oled_new.o
    0x0800303a   0x0800303a   0x00000026   Code   RO         3204    i.OLED_Set_Pos      oled_new.o
    0x08003060   0x08003060   0x0000005e   Code   RO         3205    i.OLED_ShowNum      oled_new.o
    0x080030be   0x080030be   0x00000002   PAD
    0x080030c0   0x080030c0   0x00000080   Code   RO         3207    i.OLED_Show_Temp    oled_new.o
    0x08003140   0x08003140   0x00000098   Code   RO         3209    i.OLED_Write_IIC_Byte  oled_new.o
    0x080031d8   0x080031d8   0x00000022   Code   RO         3210    i.OLED_write_iic_com  oled_new.o
    0x080031fa   0x080031fa   0x00000022   Code   RO         3211    i.OLED_write_iic_dat  oled_new.o
    0x0800321c   0x0800321c   0x00000084   Code   RO         3212    i.Oled_ShowCHinese  oled_new.o
    0x080032a0   0x080032a0   0x0000004c   Code   RO         3213    i.Oled_ShowChar     oled_new.o
    0x080032ec   0x080032ec   0x00000030   Code   RO         3214    i.Oled_ShowString   oled_new.o
    0x0800331c   0x0800331c   0x00000002   Code   RO          382    i.PendSV_Handler    stm32f1xx_it.o
    0x0800331e   0x0800331e   0x00000002   Code   RO          383    i.SVC_Handler       stm32f1xx_it.o
    0x08003320   0x08003320   0x00000004   Code   RO          384    i.SysTick_Handler   stm32f1xx_it.o
    0x08003324   0x08003324   0x00000078   Code   RO           19    i.SystemClock_Config  main.o
    0x0800339c   0x0800339c   0x00000002   Code   RO         3107    i.SystemInit        system_stm32f1xx.o
    0x0800339e   0x0800339e   0x00000002   PAD
    0x080033a0   0x080033a0   0x0000000c   Code   RO          385    i.TIM1_UP_IRQHandler  stm32f1xx_it.o
    0x080033ac   0x080033ac   0x0000006c   Code   RO         1871    i.TIM_Base_SetConfig  stm32f1xx_hal_tim.o
    0x08003418   0x08003418   0x00000014   Code   RO         1882    i.TIM_ETR_SetConfig  stm32f1xx_hal_tim.o
    0x0800342c   0x0800342c   0x00000010   Code   RO         1883    i.TIM_ITRx_SetConfig  stm32f1xx_hal_tim.o
    0x0800343c   0x0800343c   0x00000022   Code   RO         1889    i.TIM_TI1_ConfigInputStage  stm32f1xx_hal_tim.o
    0x0800345e   0x0800345e   0x00000024   Code   RO         1891    i.TIM_TI2_ConfigInputStage  stm32f1xx_hal_tim.o
    0x08003482   0x08003482   0x00000010   Code   RO         2791    i.UART_DMAAbortOnError  stm32f1xx_hal_uart.o
    0x08003492   0x08003492   0x00000030   Code   RO         2801    i.UART_EndRxTransfer  stm32f1xx_hal_uart.o
    0x080034c2   0x080034c2   0x000000b6   Code   RO         2803    i.UART_Receive_IT   stm32f1xx_hal_uart.o
    0x08003578   0x08003578   0x000000b8   Code   RO         2804    i.UART_SetConfig    stm32f1xx_hal_uart.o
    0x08003630   0x08003630   0x00000036   Code   RO         2806    i.UART_Start_Receive_IT  stm32f1xx_hal_uart.o
    0x08003666   0x08003666   0x00000064   Code   RO         2807    i.UART_WaitOnFlagUntilTimeout  stm32f1xx_hal_uart.o
    0x080036ca   0x080036ca   0x00000002   PAD
    0x080036cc   0x080036cc   0x0000000c   Code   RO          386    i.USART2_IRQHandler  stm32f1xx_it.o
    0x080036d8   0x080036d8   0x00000002   Code   RO          387    i.UsageFault_Handler  stm32f1xx_it.o
    0x080036da   0x080036da   0x00000002   PAD
    0x080036dc   0x080036dc   0x00000030   Code   RO         3364    i.Usart_SendString  aliesp8266.o
    0x0800370c   0x0800370c   0x00000020   Code   RO         1289    i.__NVIC_SetPriority  stm32f1xx_hal_cortex.o
    0x0800372c   0x0800372c   0x00000042   Code   RO         3144    i.delay_us          delay.o
    0x0800376e   0x0800376e   0x00000002   PAD
    0x08003770   0x08003770   0x00000058   Code   RO           20    i.main              main.o
    0x080037c8   0x080037c8   0x00000010   Code   RO         3215    i.oled_pow          oled_new.o
    0x080037d8   0x080037d8   0x00000058   Code   RO         3455    i.read_18b20        ds18b20.o
    0x08003830   0x08003830   0x00000058   Code   RO         3456    i.write_18b20       ds18b20.o
    0x08003888   0x08003888   0x0000002c   Code   RO         3631    locale$$code        c_w.l(lc_ctype_c.o)
    0x080038b4   0x080038b4   0x000002b0   Code   RO         3560    x$fpl$ddiv          fz_ws.l(ddiv.o)
    0x08003b64   0x08003b64   0x0000005a   Code   RO         3563    x$fpl$dfixu         fz_ws.l(dfixu.o)
    0x08003bbe   0x08003bbe   0x00000026   Code   RO         3567    x$fpl$dfltu         fz_ws.l(dflt_clz.o)
    0x08003be4   0x08003be4   0x00000154   Code   RO         3573    x$fpl$dmul          fz_ws.l(dmul.o)
    0x08003d38   0x08003d38   0x0000009c   Code   RO         3592    x$fpl$dnaninf       fz_ws.l(dnaninf.o)
    0x08003dd4   0x08003dd4   0x0000000c   Code   RO         3594    x$fpl$dretinf       fz_ws.l(dretinf.o)
    0x08003de0   0x08003de0   0x00000000   Code   RO         3596    x$fpl$usenofp       fz_ws.l(usenofp.o)
    0x08003de0   0x08003de0   0x00000008   Data   RO           22    .constdata          main.o
    0x08003de8   0x08003de8   0x00000010   Data   RO         3108    .constdata          system_stm32f1xx.o
    0x08003df8   0x08003df8   0x00000008   Data   RO         3109    .constdata          system_stm32f1xx.o
    0x08003e00   0x08003e00   0x00001586   Data   RO         3218    .constdata          oled_new.o
    0x08005386   0x08005386   0x00000002   PAD
    0x08005388   0x08005388   0x00000051   Data   RO         3366    .conststring        aliesp8266.o
    0x080053d9   0x080053d9   0x00000003   PAD
    0x080053dc   0x080053dc   0x00000020   Data   RO         3767    Region$$Table       anon$$obj.o
    0x080053fc   0x080053fc   0x00000110   Data   RO         3630    locale$$data        c_w.l(lc_ctype_c.o)


    Execution Region RW_IRAM1 (Exec base: 0x20000000, Load base: 0x0800550c, Size: 0x00000f58, Max: 0x00005000, ABSOLUTE)

    Exec Addr    Load Addr    Size         Type   Attr      Idx    E Section Name        Object

    0x20000000   0x0800550c   0x00000020   Data   RW           23    .data               main.o
    0x20000020   0x0800552c   0x0000000c   Data   RW          826    .data               stm32f1xx_hal.o
    0x2000002c   0x08005538   0x00000004   Data   RW         3110    .data               system_stm32f1xx.o
    0x20000030   0x0800553c   0x00000001   Data   RW         3169    .data               key.o
    0x20000031   0x0800553d   0x00000001   PAD
    0x20000032   0x0800553e   0x00000006   Data   RW         3367    .data               aliesp8266.o
    0x20000038        -       0x00000030   Zero   RW          254    .bss                adc.o
    0x20000068        -       0x00000048   Zero   RW          296    .bss                tim.o
    0x200000b0        -       0x00000044   Zero   RW          338    .bss                usart.o
    0x200000f4        -       0x00000800   Zero   RW         3365    .bss                aliesp8266.o
    0x200008f4        -       0x00000060   Zero   RW         3598    .bss                c_w.l(libspace.o)
    0x20000954   0x08005544   0x00000004   PAD
    0x20000958        -       0x00000200   Zero   RW            2    HEAP                startup_stm32f103xb.o
    0x20000b58        -       0x00000400   Zero   RW            1    STACK               startup_stm32f103xb.o


==============================================================================

Image component sizes


      Code (inc. data)   RO Data    RW Data    ZI Data      Debug   Object Name

       168         20          0          0         48       2013   adc.o
      1948       1040         81          6       2048       9255   aliesp8266.o
        66          0          0          0          0        775   delay.o
       480         40          0          0          0       4797   ds18b20.o
       180         14          0          0          0       1095   gpio.o
       156          8          0          1          0       1047   key.o
      1144        160          8         32          0     448432   main.o
      1222         48       5510          0          0      12465   oled_new.o
        64         26        236          0       1536        872   startup_stm32f103xb.o
       164         28          0         12          0       6625   stm32f1xx_hal.o
      1312         54          0          0          0       8051   stm32f1xx_hal_adc.o
       198         14          0          0          0      29503   stm32f1xx_hal_cortex.o
       222          4          0          0          0       2043   stm32f1xx_hal_dma.o
       500         34          0          0          0       3879   stm32f1xx_hal_gpio.o
        60          8          0          0          0       1050   stm32f1xx_hal_msp.o
      1272        100          0          0          0       5740   stm32f1xx_hal_rcc.o
       436         46          0          0          0       2801   stm32f1xx_hal_rcc_ex.o
       972         26          0          0          0      10929   stm32f1xx_hal_tim.o
       108         12          0          0          0       2737   stm32f1xx_hal_tim_ex.o
      1432         10          0          0          0      11796   stm32f1xx_hal_uart.o
        44         12          0          0          0       5747   stm32f1xx_it.o
         2          0         24          4          0       1391   system_stm32f1xx.o
       164         18          0          0         72       2022   tim.o
       184         22          0          0         68       2054   usart.o

    ----------------------------------------------------------------------
     12536       1744       5896         56       3772     577119   Object Totals
         0          0         32          0          0          0   (incl. Generated)
        38          0          5          1          0          0   (incl. Padding)

    ----------------------------------------------------------------------

      Code (inc. data)   RO Data    RW Data    ZI Data      Debug   Library Member Name

        44          6          0          0          0         84   __2sprintf.o
         8          0          0          0          0         68   __main.o
       104          0          0          0          0         84   __printf.o
         0          0          0          0          0          0   __rtentry.o
        12          0          0          0          0          0   __rtentry2.o
         6          0          0          0          0          0   __rtentry4.o
        52          8          0          0          0          0   __scatter.o
        26          0          0          0          0          0   __scatter_copy.o
        28          0          0          0          0          0   __scatter_zi.o
        28          0          0          0          0         68   _chval.o
        44          0          0          0          0        108   _printf_char.o
        48          6          0          0          0         96   _printf_char_common.o
         6          0          0          0          0          0   _printf_d.o
       120         16          0          0          0         92   _printf_dec.o
       178          0          0          0          0         88   _printf_intcommon.o
         0          0          0          0          0          0   _printf_percent.o
         4          0          0          0          0          0   _printf_percent_end.o
         6          0          0          0          0          0   _printf_s.o
        82          0          0          0          0         80   _printf_str.o
        10          0          0          0          0         68   _sputc.o
       158          0          0          0          0         92   _strtoul.o
        26          0          0          0          0         80   atoi.o
        18          0          0          0          0         80   exit.o
         6          0          0          0          0        152   heapauxi.o
         0          0          0          0          0          0   indicate_semi.o
        44         10        272          0          0         76   lc_ctype_c.o
         2          0          0          0          0          0   libinit.o
        20          0          0          0          0          0   libinit2.o
         2          0          0          0          0          0   libshutdown.o
         2          0          0          0          0          0   libshutdown2.o
         8          4          0          0         96         68   libspace.o
        16          4          0          0          0         76   rt_ctype_table.o
         8          4          0          0          0         68   rt_errno_addr_intlibspace.o
         8          4          0          0          0         68   rt_locale_intlibspace.o
        68          0          0          0          0         68   rt_memclr.o
        78          0          0          0          0         80   rt_memclr_w.o
         2          0          0          0          0          0   rtexit.o
        10          0          0          0          0          0   rtexit2.o
        24          0          0          0          0         68   strcat.o
       128          0          0          0          0         68   strcmpv7m.o
        62          0          0          0          0         76   strlen.o
        36          0          0          0          0         80   strstr.o
       112          0          0          0          0         88   strtol.o
        12          4          0          0          0         68   sys_exit.o
        74          0          0          0          0         80   sys_stackheap_outer.o
         2          0          0          0          0         68   use_no_semi.o
       688        140          0          0          0        208   ddiv.o
        90          4          0          0          0         92   dfixu.o
        38          0          0          0          0         68   dflt_clz.o
       340         12          0          0          0        104   dmul.o
       156          4          0          0          0         92   dnaninf.o
        12          0          0          0          0         68   dretinf.o
         0          0          0          0          0          0   usenofp.o

    ----------------------------------------------------------------------
      3068        226        272          0        100       2972   Library Totals
        12          0          0          0          4          0   (incl. Padding)

    ----------------------------------------------------------------------

      Code (inc. data)   RO Data    RW Data    ZI Data      Debug   Library Name

      1732         66        272          0         96       2340   c_w.l
      1324        160          0          0          0        632   fz_ws.l

    ----------------------------------------------------------------------
      3068        226        272          0        100       2972   Library Totals

    ----------------------------------------------------------------------

==============================================================================


      Code (inc. data)   RO Data    RW Data    ZI Data      Debug   

     15604       1970       6168         56       3872     572495   Grand Totals
     15604       1970       6168         56       3872     572495   ELF Image Totals
     15604       1970       6168         56          0          0   ROM Totals

==============================================================================

    Total RO  Size (Code + RO Data)                21772 (  21.26kB)
    Total RW  Size (RW Data + ZI Data)              3928 (   3.84kB)
    Total ROM Size (Code + RO Data + RW Data)      21828 (  21.32kB)

==============================================================================

